gate --local: changed crates vs origin/main: chelis-backend-c, chelis-cli, chelis-compiler-api, chelis-ir, chelis-runtime, chelis-types
+ cargo clippy --workspace --all-targets -- -D warnings
   Compiling libc v0.2.186
   Compiling quote v1.0.45
   Compiling proc-macro2 v1.0.106
   Compiling unicode-ident v1.0.24
    Checking cfg-if v1.0.4
    Checking memchr v2.8.0
   Compiling serde_core v1.0.228
    Checking bitflags v2.11.1
   Compiling serde v1.0.228
   Compiling rustix v1.1.4
   Compiling shlex v1.3.0
   Compiling find-msvc-tools v0.1.9
    Checking adler2 v2.0.1
    Checking simd-adler32 v0.3.9
   Compiling thiserror v2.0.18
    Checking unicode-width v0.2.2
   Compiling object v0.37.3
    Checking miniz_oxide v0.8.9
    Checking gimli v0.32.3
    Checking chelis-vocab v0.17.5 (/Users/vrk93/chelis-json-io-fix/crates/chelis-vocab)
   Compiling owo-colors v4.3.0
    Checking rustc-demangle v0.1.27
    Checking is_ci v1.2.0
    Checking unicode-linebreak v0.1.5
    Checking textwrap v0.16.2
    Checking supports-color v3.0.2
    Checking supports-hyperlinks v3.2.0
    Checking unicode-width v0.1.14
    Checking supports-unicode v3.0.0
   Compiling zerocopy v0.8.48
    Checking addr2line v0.25.1
    Checking itoa v1.0.18
   Compiling zmij v1.0.21
    Checking errno v0.3.14
   Compiling serde_json v1.0.149
    Checking once_cell v1.21.4
   Compiling jobserver v0.1.34
   Compiling getrandom v0.4.2
   Compiling cc v1.2.62
    Checking fastrand v2.4.1
    Checking log v0.4.29
   Compiling pkg-config v0.3.33
    Checking terminal_size v0.4.4
    Checking equivalent v1.0.2
   Compiling syn v2.0.117
    Checking pin-project-lite v0.2.17
    Checking fnv v1.0.7
    Checking bytes v1.11.1
    Checking hashbrown v0.17.1
   Compiling chelis-backend-c v0.17.5 (/Users/vrk93/chelis-json-io-fix/crates/chelis-backend-c)
    Checking mio v1.2.0
    Checking futures-core v0.3.32
    Checking futures-sink v0.3.32
    Checking smallvec v1.15.1
    Checking stable_deref_trait v1.2.1
    Checking slab v0.4.12
    Checking futures-channel v0.3.32
    Checking tempfile v3.27.0
    Checking socket2 v0.6.3
    Checking tracing-core v0.1.36
    Checking indexmap v2.14.0
    Checking futures-io v0.3.32
    Checking futures-task v0.3.32
    Checking litemap v0.8.2
   Compiling version_check v0.9.5
    Checking writeable v0.6.3
    Checking tower-service v0.3.3
   Compiling icu_normalizer_data v2.2.0
   Compiling httparse v1.10.1
   Compiling stacker v0.1.24
    Checking utf8_iter v1.0.4
    Checking toml_write v0.1.2
    Checking winnow v0.7.15
   Compiling icu_properties_data v2.2.0
   Compiling ring v0.17.14
   Compiling generic-array v0.14.7
    Checking typenum v1.20.0
    Checking ryu v1.0.23
    Checking percent-encoding v2.3.2
    Checking try-lock v0.2.5
    Checking form_urlencoded v1.2.2
    Checking want v0.3.1
    Checking getrandom v0.2.17
    Checking untrusted v0.9.0
    Checking httpdate v1.0.3
    Checking http v0.2.12
    Checking cpufeatures v0.2.17
   Compiling rustls v0.21.12
    Checking backtrace v0.3.76
   Compiling system-configuration-sys v0.5.0
    Checking core-foundation-sys v0.8.7
    Checking bitflags v1.3.2
    Checking xattr v1.6.1
    Checking filetime v0.2.28
    Checking socket2 v0.5.10
    Checking same-file v1.0.6
    Checking backtrace-ext v0.2.1
    Checking mime v0.3.17
   Compiling crc32fast v1.5.0
    Checking walkdir v2.5.0
    Checking tar v0.4.45
    Checking http-body v0.4.6
    Checking core-foundation v0.9.4
    Checking base64 v0.21.7
    Checking encoding_rs v0.8.35
    Checking ipnet v2.12.0
    Checking webpki-roots v0.25.4
    Checking rustls-pemfile v1.0.4
    Checking system-configuration v0.5.1
    Checking sync_wrapper v0.1.2
   Compiling zstd-sys v2.0.16+zstd.1.5.7
   Compiling zstd-safe v7.2.4
    Checking semver v1.0.28
   Compiling ucd-trie v0.1.7
   Compiling chelis-std-bundle v0.17.5 (/Users/vrk93/chelis-json-io-fix/crates/chelis-std-bundle)
    Checking flate2 v1.1.9
   Compiling pest v2.8.6
    Checking memmap2 v0.9.10
   Compiling ar_archive_writer v0.5.2
    Checking block-buffer v0.10.4
    Checking crypto-common v0.1.7
   Compiling schemars v0.8.22
    Checking digest v0.10.7
    Checking dyn-clone v1.0.20
    Checking sha2 v0.10.9
    Checking wait-timeout v0.2.1
    Checking regex-syntax v0.8.10
   Compiling autocfg v1.5.0
    Checking aho-corasick v1.1.4
    Checking anstyle v1.0.14
    Checking predicates-core v1.0.10
    Checking difflib v0.4.0
    Checking termtree v0.5.1
   Compiling synstructure v0.13.2
   Compiling serde_derive_internals v0.29.1
   Compiling num-traits v0.2.19
   Compiling psm v0.1.31
   Compiling pest_meta v2.8.6
    Checking normalize-line-endings v0.3.0
   Compiling assert_cmd v2.2.1
    Checking predicates-tree v1.0.13
    Checking base64 v0.22.1
   Compiling heck v0.5.0
    Checking http v1.4.0
   Compiling rustversion v1.0.22
    Checking atomic-waker v1.1.2
    Checking chelis-version v0.17.5 (/Users/vrk93/chelis-json-io-fix/crates/chelis-version)
    Checking tower-layer v0.3.3
   Compiling crossbeam-utils v0.8.22
    Checking sync_wrapper v1.0.2
   Compiling parking_lot_core v0.9.12
   Compiling crossbeam-epoch v0.9.20
    Checking float-cmp v0.10.0
   Compiling indoc v2.0.7
    Checking regex-automata v0.4.14
    Checking http-body v1.0.1
    Checking utf8parse v0.2.2
   Compiling pest_generator v2.8.6
    Checking http-body-util v0.1.3
    Checking scopeguard v1.2.0
   Compiling crossbeam-deque v0.8.7
    Checking lock_api v0.4.14
    Checking anstyle-parse v1.0.0
   Compiling serde_derive v1.0.228
   Compiling thiserror-impl v2.0.18
   Compiling miette-derive v7.6.0
   Compiling zerocopy-derive v0.8.48
   Compiling zerofrom-derive v0.1.7
   Compiling yoke-derive v0.8.2
   Compiling zerovec-derive v0.11.3
   Compiling tokio-macros v2.7.0
   Compiling displaydoc v0.2.5
    Checking miette v7.6.0
    Checking zerofrom v0.1.7
    Checking tokio v1.52.3
   Compiling tracing-attributes v0.1.31
   Compiling futures-macro v0.3.32
    Checking yoke v0.8.2
   Compiling pest_derive v2.8.6
   Compiling schemars_derive v0.8.22
    Checking futures-util v0.3.32
    Checking regex v1.12.3
    Checking bstr v1.12.1
    Checking zerovec v0.11.6
    Checking tracing v0.1.44
    Checking zerotrie v0.2.4
    Checking sct v0.7.1
    Checking rustls-webpki v0.101.7
    Checking predicates v3.1.4
   Compiling async-trait v0.1.89
    Checking tinystr v0.8.3
    Checking icu_locale_core v2.2.0
    Checking potential_utf v0.1.5
    Checking serde_path_to_error v0.1.20
    Checking icu_collections v2.2.0
    Checking is_terminal_polyfill v1.70.2
    Checking anstyle-query v1.1.5
   Compiling chelis-conformance v0.17.5 (/Users/vrk93/chelis-json-io-fix/crates/chelis-conformance)
    Checking matchit v0.7.3
    Checking colorchoice v1.0.5
    Checking icu_provider v2.2.0
    Checking anstream v1.0.0
    Checking chelis-deep v0.17.5 (/Users/vrk93/chelis-json-io-fix/crates/chelis-deep)
    Checking bincode v1.3.3
    Checking toml_datetime v0.6.11
    Checking serde_spanned v0.6.9
    Checking icu_properties v2.2.0
    Checking icu_normalizer v2.2.0
    Checking toml_edit v0.22.27
    Checking serde_urlencoded v0.7.1
    Checking chelis-shell v0.17.5 (/Users/vrk93/chelis-json-io-fix/crates/chelis-shell)
    Checking globset v0.4.19
    Checking axum-core v0.4.5
    Checking tokio-util v0.7.18
    Checking tokio-rustls v0.24.1
    Checking chelis-pred v0.17.5 (/Users/vrk93/chelis-json-io-fix/crates/chelis-pred)
    Checking chelis-macros v0.17.5 (/Users/vrk93/chelis-json-io-fix/crates/chelis-macros)
    Checking tower v0.5.3
    Checking chelis-surf v0.17.5 (/Users/vrk93/chelis-json-io-fix/crates/chelis-surf)
    Checking idna_adapter v1.2.2
    Checking idna v1.1.0
   Compiling tree-sitter-language v0.1.7
    Checking half v2.7.1
    Checking h2 v0.3.27
    Checking h2 v0.4.14
    Checking strsim v0.11.1
    Checking chelis-types v0.17.5 (/Users/vrk93/chelis-json-io-fix/crates/chelis-types)
    Checking url v2.5.8
    Checking chelis-runtime v0.17.5 (/Users/vrk93/chelis-json-io-fix/crates/chelis-runtime)
    Checking allocator-api2 v0.2.21
    Checking toml v0.8.23
    Checking clap_lex v1.1.0
    Checking foldhash v0.2.0
   Compiling ident_case v1.0.1
    Checking clap_builder v4.6.0
    Checking hashbrown v0.16.1
   Compiling darling_core v0.23.0
    Checking ignore v0.4.31
   Compiling clap_derive v4.6.1
    Checking either v1.15.0
   Compiling unicode-segmentation v1.13.2
   Compiling signal-hook v0.3.18
   Compiling convert_case v0.10.0
    Checking itertools v0.14.0
    Checking futures-executor v0.3.32
   Compiling strum_macros v0.27.2
    Checking chelis-validate v0.17.5 (/Users/vrk93/chelis-json-io-fix/crates/chelis-validate)
    Checking castaway v0.2.4
    Checking clap v4.6.1
    Checking signal-hook-registry v1.4.8
   Compiling tree-sitter v0.26.8
   Compiling instability v0.3.12
    Checking static_assertions v1.1.0
    Checking hyper v0.14.32
    Checking compact_str v0.9.0
    Checking unicode-truncate v2.0.1
    Checking chelis-lint v0.17.5 (/Users/vrk93/chelis-json-io-fix/crates/chelis-lint)
    Checking hyper v1.9.0
   Compiling derive_more-impl v2.1.1
   Compiling darling_macro v0.23.0
    Checking futures v0.3.32
    Checking lru v0.16.4
    Checking kasuari v0.4.12
   Compiling darling v0.23.0
    Checking powerfmt v0.2.0
   Compiling litrs v1.0.0
    Checking deranged v0.5.8
    Checking strum v0.27.2
    Checking derive_more v2.1.1
   Compiling document-features v0.2.12
    Checking signal-hook-mio v0.2.5
    Checking ratatui-core v0.1.0
    Checking parking_lot v0.12.5
    Checking hyper-util v0.1.20
   Compiling pin-project-internal v1.1.12
   Compiling tree-sitter-chelis v0.17.5 (/Users/vrk93/chelis-json-io-fix/tree-sitter-chelis)
    Checking num_threads v0.1.7
    Checking streaming-iterator v0.1.9
    Checking chelis-ir v0.17.5 (/Users/vrk93/chelis-json-io-fix/crates/chelis-ir)
    Checking chelis-effects v0.17.5 (/Users/vrk93/chelis-json-io-fix/crates/chelis-effects)
    Checking axum v0.7.9
    Checking time-core v0.1.8
    Checking num-conv v0.2.1
    Checking crossterm v0.29.0
    Checking time v0.3.47
   Compiling serde_repr v0.1.20
    Checking line-clipping v0.3.7
   Compiling anyhow v1.0.102
    Checking hashbrown v0.14.5
    Checking lsp-types v0.94.1
    Checking ratatui-widgets v0.3.0
    Checking pin-project v1.1.12
   Compiling auto_impl v1.3.0
    Checking hyper-rustls v0.24.2
    Checking dashmap v5.5.3
    Checking reqwest v0.11.27
    Checking ratatui-crossterm v0.1.0
   Compiling tower-lsp-macros v0.9.0
    Checking num_cpus v1.17.0
    Checking lazy_static v1.5.0
    Checking deadpool-runtime v0.1.4
    Checking deadpool v0.12.3
    Checking tower v0.4.13
    Checking assert-json-diff v2.0.2
   Compiling cargo-husky v1.5.0
   Compiling target-lexicon v0.13.5
    Checking wiremock v0.6.5
    Checking ratatui v0.30.0
   Compiling getrandom v0.3.4
    Checking chelisup v0.17.5 (/Users/vrk93/chelis-json-io-fix/crates/chelisup)
    Checking ppv-lite86 v0.2.21
    Checking quick-error v1.2.3
    Checking bit-vec v0.8.0
    Checking rusty-fork v0.3.1
    Checking unarray v0.1.4
   Compiling memoffset v0.9.1
    Checking bit-set v0.8.0
    Checking unindent v0.2.4
    Checking libloading v0.8.9
    Checking rand_core v0.9.5
    Checking rand_chacha v0.9.0
    Checking rand v0.9.4
    Checking rand_xorshift v0.4.0
   Compiling pyo3-build-config v0.24.2
    Checking proptest v1.11.0
error[E0061]: this function takes 2 arguments but 3 arguments were supplied
    --> crates/chelis-runtime/src/lib.rs:4204:23
     |
4204 |             let out = chelis_pad_sequences(sequences, chelis_value_from_f64(0.1), CHELIS_F64);
     |                       ^^^^^^^^^^^^^^^^^^^^                                        ---------- unexpected argument #3 of type `i32`
     |
note: function defined here
    --> crates/chelis-runtime/src/lib.rs:2363:26
     |
2363 | pub unsafe extern "C" fn chelis_pad_sequences(
     |                          ^^^^^^^^^^^^^^^^^^^^
help: remove the extra argument
     |
4204 -             let out = chelis_pad_sequences(sequences, chelis_value_from_f64(0.1), CHELIS_F64);
4204 +             let out = chelis_pad_sequences(sequences, chelis_value_from_f64(0.1));
     |

error[E0061]: this function takes 2 arguments but 3 arguments were supplied
    --> crates/chelis-runtime/src/lib.rs:4230:25
     |
4230 |             let out32 = chelis_pad_sequences(sequences, chelis_value_from_f64(0.1), CHELIS_F32);
     |                         ^^^^^^^^^^^^^^^^^^^^                                        ---------- unexpected argument #3 of type `i32`
     |
note: function defined here
    --> crates/chelis-runtime/src/lib.rs:2363:26
     |
2363 | pub unsafe extern "C" fn chelis_pad_sequences(
     |                          ^^^^^^^^^^^^^^^^^^^^
help: remove the extra argument
     |
4230 -             let out32 = chelis_pad_sequences(sequences, chelis_value_from_f64(0.1), CHELIS_F32);
4230 +             let out32 = chelis_pad_sequences(sequences, chelis_value_from_f64(0.1));
     |

For more information about this error, try `rustc --explain E0061`.
error: could not compile `chelis-runtime` (lib test) due to 2 previous errors
warning: build failed, waiting for other jobs to finish...
gate: command failed with exit 101: cargo clippy --workspace --all-targets -- -D warnings
