gate --local: changed crates vs origin/main: chelis-backend-c, chelis-cli, chelis-compiler-api, chelis-ir, chelis-runtime, chelis-types
+ cargo clippy --workspace --all-targets -- -D warnings
    Checking cfg-if v1.0.4
    Checking memchr v2.8.0
   Compiling serde_core v1.0.228
    Checking bitflags v2.11.1
   Compiling rustix v1.1.4
   Compiling quote v1.0.45
    Checking libc v0.2.186
    Checking simd-adler32 v0.3.9
    Checking adler2 v2.0.1
    Checking unicode-width v0.2.2
    Checking gimli v0.32.3
    Checking chelis-vocab v0.17.5 (/Users/vrk93/chelis-json-io-fix/crates/chelis-vocab)
    Checking rustc-demangle v0.1.27
    Checking miniz_oxide v0.8.9
    Checking is_ci v1.2.0
    Checking unicode-linebreak v0.1.5
    Checking supports-color v3.0.2
    Checking owo-colors v4.3.0
   Compiling syn v2.0.117
    Checking supports-hyperlinks v3.2.0
    Checking supports-unicode v3.0.0
    Checking textwrap v0.16.2
    Checking unicode-width v0.1.14
    Checking object v0.37.3
    Checking itoa v1.0.18
   Compiling zmij v1.0.21
    Checking errno v0.3.14
   Compiling serde_json v1.0.149
    Checking once_cell v1.21.4
   Compiling getrandom v0.4.2
   Compiling jobserver v0.1.34
   Compiling cc v1.2.62
    Checking fastrand v2.4.1
    Checking log v0.4.29
   Compiling pkg-config v0.3.33
    Checking equivalent v1.0.2
    Checking fnv v1.0.7
    Checking pin-project-lite v0.2.17
    Checking bytes v1.11.1
    Checking hashbrown v0.17.1
    Checking mio v1.2.0
    Checking futures-core v0.3.32
    Checking futures-sink v0.3.32
    Checking stable_deref_trait v1.2.1
    Checking smallvec v1.15.1
    Checking slab v0.4.12
   Compiling chelis-backend-c v0.17.5 (/Users/vrk93/chelis-json-io-fix/crates/chelis-backend-c)
    Checking indexmap v2.14.0
    Checking futures-channel v0.3.32
    Checking socket2 v0.6.3
    Checking tracing-core v0.1.36
    Checking futures-io v0.3.32
    Checking futures-task v0.3.32
    Checking writeable v0.6.3
    Checking litemap v0.8.2
   Compiling version_check v0.9.5
    Checking toml_write v0.1.2
    Checking winnow v0.7.15
    Checking terminal_size v0.4.4
    Checking tempfile v3.27.0
   Compiling icu_normalizer_data v2.2.0
   Compiling icu_properties_data v2.2.0
   Compiling generic-array v0.14.7
   Compiling httparse v1.10.1
    Checking tower-service v0.3.3
    Checking utf8_iter v1.0.4
    Checking typenum v1.20.0
    Checking ryu v1.0.23
    Checking percent-encoding v2.3.2
    Checking try-lock v0.2.5
   Compiling stacker v0.1.24
    Checking addr2line v0.25.1
   Compiling ring v0.17.14
    Checking want v0.3.1
    Checking form_urlencoded v1.2.2
    Checking getrandom v0.2.17
    Checking untrusted v0.9.0
    Checking httpdate v1.0.3
    Checking http v0.2.12
    Checking cpufeatures v0.2.17
   Compiling rustls v0.21.12
   Compiling system-configuration-sys v0.5.0
    Checking bitflags v1.3.2
    Checking core-foundation-sys v0.8.7
    Checking xattr v1.6.1
    Checking socket2 v0.5.10
    Checking filetime v0.2.28
   Compiling crc32fast v1.5.0
    Checking mime v0.3.17
    Checking same-file v1.0.6
    Checking block-buffer v0.10.4
    Checking crypto-common v0.1.7
    Checking walkdir v2.5.0
    Checking tar v0.4.45
    Checking digest v0.10.7
    Checking core-foundation v0.9.4
    Checking http-body v0.4.6
    Checking base64 v0.21.7
    Checking encoding_rs v0.8.35
    Checking sha2 v0.10.9
    Checking webpki-roots v0.25.4
    Checking system-configuration v0.5.1
    Checking rustls-pemfile v1.0.4
    Checking sync_wrapper v0.1.2
    Checking ipnet v2.12.0
    Checking flate2 v1.1.9
   Compiling zstd-sys v2.0.16+zstd.1.5.7
   Compiling zstd-safe v7.2.4
    Checking semver v1.0.28
   Compiling ucd-trie v0.1.7
   Compiling chelis-std-bundle v0.17.5 (/Users/vrk93/chelis-json-io-fix/crates/chelis-std-bundle)
    Checking backtrace v0.3.76
    Checking memmap2 v0.9.10
   Compiling pest v2.8.6
   Compiling schemars v0.8.22
    Checking unicode-ident v1.0.24
    Checking dyn-clone v1.0.20
    Checking backtrace-ext v0.2.1
    Checking wait-timeout v0.2.1
    Checking regex-syntax v0.8.10
   Compiling autocfg v1.5.0
    Checking aho-corasick v1.1.4
   Compiling num-traits v0.2.19
   Compiling ar_archive_writer v0.5.2
   Compiling synstructure v0.13.2
   Compiling pest_meta v2.8.6
   Compiling serde_derive_internals v0.29.1
    Checking regex-automata v0.4.14
   Compiling psm v0.1.31
    Checking anstyle v1.0.14
    Checking predicates-core v1.0.10
   Compiling pest_generator v2.8.6
    Checking difflib v0.4.0
   Compiling assert_cmd v2.2.1
    Checking normalize-line-endings v0.3.0
    Checking termtree v0.5.1
    Checking predicates-tree v1.0.13
    Checking base64 v0.22.1
   Compiling serde_derive v1.0.228
   Compiling thiserror-impl v2.0.18
   Compiling miette-derive v7.6.0
   Compiling zerocopy-derive v0.8.48
   Compiling zerofrom-derive v0.1.7
   Compiling yoke-derive v0.8.2
    Checking thiserror v2.0.18
    Checking miette v7.6.0
   Compiling zerovec-derive v0.11.3
   Compiling tokio-macros v2.7.0
    Checking zerofrom v0.1.7
    Checking zerocopy v0.8.48
    Checking tokio v1.52.3
   Compiling displaydoc v0.2.5
   Compiling futures-macro v0.3.32
    Checking serde v1.0.228
   Compiling tracing-attributes v0.1.31
    Checking futures-util v0.3.32
    Checking tracing v0.1.44
    Checking rustls-webpki v0.101.7
    Checking sct v0.7.1
   Compiling pest_derive v2.8.6
   Compiling schemars_derive v0.8.22
    Checking regex v1.12.3
    Checking bstr v1.12.1
    Checking float-cmp v0.10.0
    Checking predicates v3.1.4
   Compiling heck v0.5.0
    Checking http v1.4.0
   Compiling rustversion v1.0.22
    Checking atomic-waker v1.1.2
    Checking chelis-version v0.17.5 (/Users/vrk93/chelis-json-io-fix/crates/chelis-version)
    Checking tower-layer v0.3.3
   Compiling crossbeam-utils v0.8.22
    Checking http-body v1.0.1
    Checking yoke v0.8.2
    Checking http-body-util v0.1.3
   Compiling async-trait v0.1.89
   Compiling crossbeam-epoch v0.9.20
   Compiling indoc v2.0.7
    Checking sync_wrapper v1.0.2
   Compiling parking_lot_core v0.9.12
    Checking chelis-deep v0.17.5 (/Users/vrk93/chelis-json-io-fix/crates/chelis-deep)
    Checking bincode v1.3.3
    Checking toml_datetime v0.6.11
    Checking serde_spanned v0.6.9
    Checking toml_edit v0.22.27
    Checking serde_urlencoded v0.7.1
    Checking chelis-shell v0.17.5 (/Users/vrk93/chelis-json-io-fix/crates/chelis-shell)
    Checking chelis-pred v0.17.5 (/Users/vrk93/chelis-json-io-fix/crates/chelis-pred)
    Checking chelis-surf v0.17.5 (/Users/vrk93/chelis-json-io-fix/crates/chelis-surf)
    Checking half v2.7.1
    Checking chelis-types v0.17.5 (/Users/vrk93/chelis-json-io-fix/crates/chelis-types)
    Checking chelis-macros v0.17.5 (/Users/vrk93/chelis-json-io-fix/crates/chelis-macros)
    Checking tokio-util v0.7.18
    Checking toml v0.8.23
    Checking chelis-runtime v0.17.5 (/Users/vrk93/chelis-json-io-fix/crates/chelis-runtime)
    Checking h2 v0.3.27
    Checking h2 v0.4.14
    Checking chelis-validate v0.17.5 (/Users/vrk93/chelis-json-io-fix/crates/chelis-validate)
    Checking tokio-rustls v0.24.1
    Checking hyper v0.14.32
    Checking hyper v1.9.0
    Checking zerovec v0.11.6
    Checking zerotrie v0.2.4
    Checking chelis-ir v0.17.5 (/Users/vrk93/chelis-json-io-fix/crates/chelis-ir)
    Checking chelis-effects v0.17.5 (/Users/vrk93/chelis-json-io-fix/crates/chelis-effects)
    Checking scopeguard v1.2.0
   Compiling crossbeam-deque v0.8.7
    Checking hyper-util v0.1.20
    Checking utf8parse v0.2.2
    Checking anstyle-parse v1.0.0
    Checking hyper-rustls v0.24.2
    Checking lock_api v0.4.14
    Checking axum-core v0.4.5
    Checking tower v0.5.3
    Checking serde_path_to_error v0.1.20
    Checking matchit v0.7.3
    Checking colorchoice v1.0.5
   Compiling chelis-conformance v0.17.5 (/Users/vrk93/chelis-json-io-fix/crates/chelis-conformance)
    Checking is_terminal_polyfill v1.70.2
    Checking anstyle-query v1.1.5
    Checking anstream v1.0.0
    Checking chelis-backend-hip v0.17.5 (/Users/vrk93/chelis-json-io-fix/crates/chelis-backend-hip)
    Checking globset v0.4.19
    Checking zstd v0.13.3
   Compiling ident_case v1.0.1
   Compiling strsim v0.11.1
   Compiling tree-sitter-language v0.1.7
    Checking allocator-api2 v0.2.21
    Checking foldhash v0.2.0
    Checking clap_lex v1.1.0
   Compiling darling_core v0.23.0
    Checking clap_builder v4.6.0
    Checking hashbrown v0.16.1
    Checking tinystr v0.8.3
    Checking potential_utf v0.1.5
    Checking icu_collections v2.2.0
    Checking icu_locale_core v2.2.0
    Checking chelis-backend-metal v0.17.5 (/Users/vrk93/chelis-json-io-fix/crates/chelis-backend-metal)
   Compiling clap_derive v4.6.1
   Compiling unicode-segmentation v1.13.2
    Checking icu_provider v2.2.0
    Checking icu_properties v2.2.0
    Checking icu_normalizer v2.2.0
    Checking either v1.15.0
   Compiling signal-hook v0.3.18
    Checking itertools v0.14.0
    Checking ignore v0.4.31
   Compiling convert_case v0.10.0
    Checking idna_adapter v1.2.2
    Checking idna v1.1.0
    Checking castaway v0.2.4
    Checking url v2.5.8
    Checking clap v4.6.1
    Checking futures-executor v0.3.32
   Compiling darling_macro v0.23.0
   Compiling strum_macros v0.27.2
    Checking reqwest v0.11.27
    Checking signal-hook-registry v1.4.8
   Compiling instability v0.3.12
    Checking static_assertions v1.1.0
    Checking unicode-truncate v2.0.1
   Compiling darling v0.23.0
    Checking chelis-reef v0.17.5 (/Users/vrk93/chelis-json-io-fix/crates/chelis-reef)
    Checking strum v0.27.2
   Compiling tree-sitter v0.26.8
    Checking futures v0.3.32
   Compiling derive_more-impl v2.1.1
    Checking chelis-lint v0.17.5 (/Users/vrk93/chelis-json-io-fix/crates/chelis-lint)
    Checking lru v0.16.4
    Checking kasuari v0.4.12
   Compiling litrs v1.0.0
    Checking powerfmt v0.2.0
    Checking deranged v0.5.8
    Checking chelis-compiler-api v0.17.5 (/Users/vrk93/chelis-json-io-fix/crates/chelis-compiler-api)
   Compiling document-features v0.2.12
    Checking derive_more v2.1.1
    Checking parking_lot v0.12.5
   Compiling pin-project-internal v1.1.12
    Checking signal-hook-mio v0.2.5
   Compiling tree-sitter-chelis v0.17.5 (/Users/vrk93/chelis-json-io-fix/tree-sitter-chelis)
    Checking num_threads v0.1.7
    Checking time-core v0.1.8
    Checking num-conv v0.2.1
    Checking streaming-iterator v0.1.9
    Checking time v0.3.47
    Checking pin-project v1.1.12
    Checking compact_str v0.9.0
   Compiling serde_repr v0.1.20
    Checking line-clipping v0.3.7
    Checking hashbrown v0.14.5
   Compiling anyhow v1.0.102
    Checking chelisup v0.17.5 (/Users/vrk93/chelis-json-io-fix/crates/chelisup)
    Checking dashmap v5.5.3
    Checking lsp-types v0.94.1
   Compiling tower-lsp-macros v0.9.0
    Checking axum v0.7.9
   Compiling auto_impl v1.3.0
    Checking num_cpus v1.17.0
    Checking deadpool-runtime v0.1.4
    Checking lazy_static v1.5.0
    Checking deadpool v0.12.3
    Checking assert-json-diff v2.0.2
   Compiling cargo-husky v1.5.0
    Checking wiremock v0.6.5
   Compiling proc-macro2 v1.0.106
    Checking ratatui-core v0.1.0
    Checking crossterm v0.29.0
    Checking tower v0.4.13
   Compiling target-lexicon v0.13.5
   Compiling getrandom v0.3.4
    Checking chelis-e2e v0.17.5 (/Users/vrk93/chelis-json-io-fix/crates/chelis-e2e)
    Checking rand_core v0.9.5
    Checking ppv-lite86 v0.2.21
    Checking bit-vec v0.8.0
    Checking quick-error v1.2.3
    Checking rand_chacha v0.9.0
    Checking rusty-fork v0.3.1
    Checking bit-set v0.8.0
    Checking rand_xorshift v0.4.0
    Checking rand v0.9.4
    Checking unarray v0.1.4
   Compiling memoffset v0.9.1
   Compiling pyo3-build-config v0.24.2
    Checking ratatui-widgets v0.3.0
    Checking ratatui-crossterm v0.1.0
    Checking proptest v1.11.0
    Checking unindent v0.2.4
    Checking libloading v0.8.9
    Checking ratatui v0.30.0
    Checking chelis-prove v0.17.5 (/Users/vrk93/chelis-json-io-fix/crates/chelis-prove)
   Compiling pyo3-ffi v0.24.2
   Compiling pyo3-macros-backend v0.24.2
   Compiling pyo3 v0.24.2
    Checking tower-lsp v0.20.0
    Checking chelis-tide v0.17.5 (/Users/vrk93/chelis-json-io-fix/crates/chelis-tide)
    Checking chelis-cove v0.17.5 (/Users/vrk93/chelis-json-io-fix/crates/chelis-cove)
   Compiling pyo3-macros v0.24.2
    Checking chelis-lsp v0.17.5 (/Users/vrk93/chelis-json-io-fix/crates/chelis-lsp)
    Checking chelis-cli v0.17.5 (/Users/vrk93/chelis-json-io-fix/crates/chelis-cli)
    Checking chelis-python v0.17.5 (/Users/vrk93/chelis-json-io-fix/crates/chelis-python)
    Finished `dev` profile [unoptimized + debuginfo] target(s) in 42.13s
+ cargo fmt --all -- --check
+ cargo run -p chelis-cli --bin chelis --quiet -- lint --check .
warning: /Users/vrk93/chelis-json-io-fix/crates/chelis-cli/tests/fixtures/pseudo_nautilus/src/special.ch:21:7: prefer-pipe-operator (§3.6): nested first-argument call chain can be written with `|>` [fix]
warning: /Users/vrk93/chelis-json-io-fix/crates/chelis-cli/tests/fixtures/pseudo_nautilus/src/special.ch:28:3: prefer-pipe-operator (§3.6): nested first-argument call chain can be written with `|>` [fix]
warning: /Users/vrk93/chelis-json-io-fix/crates/chelis-cli/tests/fixtures/pseudo_nautilus/src/special.ch:31:17: prefer-pipe-operator (§3.6): nested first-argument call chain can be written with `|>` [fix]
warning: /Users/vrk93/chelis-json-io-fix/crates/chelis-cli/tests/fixtures/pseudo_nautilus/src/special.ch:32:31: prefer-pipe-operator (§3.6): nested first-argument call chain can be written with `|>` [fix]
warning: /Users/vrk93/chelis-json-io-fix/crates/chelis-cli/tests/fixtures/pseudo_nautilus/src/special.ch:34:23: prefer-pipe-operator (§3.6): nested first-argument call chain can be written with `|>` [fix]
warning: /Users/vrk93/chelis-json-io-fix/crates/chelis-prove/tests/fixtures/bs_vec.ch:10:33: prefer-pipe-operator (§3.6): nested first-argument call chain can be written with `|>` [fix]
warning: /Users/vrk93/chelis-json-io-fix/crates/chelis-prove/tests/fixtures/bs_vec.ch:12:9: prefer-pipe-operator (§3.6): nested first-argument call chain can be written with `|>` [fix]
warning: /Users/vrk93/chelis-json-io-fix/crates/chelis-prove/tests/fixtures/bs_vec.ch:12:13: redundant-linearity-call (implicit-linearity): `copy()` is valid for migration compatibility but redundant; implicit linearity inserts the corresponding IR node [fix]
warning: /Users/vrk93/chelis-json-io-fix/crates/chelis-prove/tests/fixtures/bs_vec.ch:12:25: redundant-linearity-call (implicit-linearity): `copy()` is valid for migration compatibility but redundant; implicit linearity inserts the corresponding IR node [fix]
warning: /Users/vrk93/chelis-json-io-fix/crates/chelis-prove/tests/fixtures/bs_vec.ch:13:18: redundant-linearity-call (implicit-linearity): `copy()` is valid for migration compatibility but redundant; implicit linearity inserts the corresponding IR node [fix]
warning: /Users/vrk93/chelis-json-io-fix/crates/chelis-prove/tests/fixtures/bs_vec.ch:14:11: redundant-linearity-call (implicit-linearity): `copy()` is valid for migration compatibility but redundant; implicit linearity inserts the corresponding IR node [fix]
warning: /Users/vrk93/chelis-json-io-fix/crates/chelis-prove/tests/fixtures/bs_vec.ch:19:10: prefer-pipe-operator (§3.6): nested first-argument call chain can be written with `|>` [fix]
warning: /Users/vrk93/chelis-json-io-fix/crates/chelis-prove/tests/fixtures/bs_vec.ch:19:14: redundant-linearity-call (implicit-linearity): `copy()` is valid for migration compatibility but redundant; implicit linearity inserts the corresponding IR node [fix]
warning: /Users/vrk93/chelis-json-io-fix/crates/chelis-prove/tests/fixtures/bs_vec.ch:19:23: redundant-linearity-call (implicit-linearity): `copy()` is valid for migration compatibility but redundant; implicit linearity inserts the corresponding IR node [fix]
warning: /Users/vrk93/chelis-json-io-fix/crates/chelis-prove/tests/fixtures/bs_vec.ch:20:18: redundant-linearity-call (implicit-linearity): `copy()` is valid for migration compatibility but redundant; implicit linearity inserts the corresponding IR node [fix]
warning: /Users/vrk93/chelis-json-io-fix/crates/chelis-prove/tests/fixtures/bs_vec.ch:21:14: prefer-pipe-operator (§3.6): nested first-argument call chain can be written with `|>` [fix]
warning: /Users/vrk93/chelis-json-io-fix/crates/chelis-prove/tests/fixtures/bs_vec.ch:21:18: redundant-linearity-call (implicit-linearity): `copy()` is valid for migration compatibility but redundant; implicit linearity inserts the corresponding IR node [fix]
warning: /Users/vrk93/chelis-json-io-fix/crates/chelis-prove/tests/fixtures/bs_vec.ch:28:9: prefer-pipe-operator (§3.6): nested first-argument call chain can be written with `|>` [fix]
warning: /Users/vrk93/chelis-json-io-fix/crates/chelis-prove/tests/fixtures/bs_vec.ch:28:13: redundant-linearity-call (implicit-linearity): `copy()` is valid for migration compatibility but redundant; implicit linearity inserts the corresponding IR node [fix]
warning: /Users/vrk93/chelis-json-io-fix/crates/chelis-prove/tests/fixtures/bs_vec.ch:28:25: redundant-linearity-call (implicit-linearity): `copy()` is valid for migration compatibility but redundant; implicit linearity inserts the corresponding IR node [fix]
warning: /Users/vrk93/chelis-json-io-fix/crates/chelis-prove/tests/fixtures/bs_vec.ch:29:10: prefer-pipe-operator (§3.6): nested first-argument call chain can be written with `|>` [fix]
warning: /Users/vrk93/chelis-json-io-fix/crates/chelis-prove/tests/fixtures/bs_vec.ch:29:14: redundant-linearity-call (implicit-linearity): `copy()` is valid for migration compatibility but redundant; implicit linearity inserts the corresponding IR node [fix]
warning: /Users/vrk93/chelis-json-io-fix/crates/chelis-prove/tests/fixtures/bs_vec.ch:29:23: redundant-linearity-call (implicit-linearity): `copy()` is valid for migration compatibility but redundant; implicit linearity inserts the corresponding IR node [fix]
warning: /Users/vrk93/chelis-json-io-fix/crates/chelis-prove/tests/fixtures/bs_vec.ch:32:18: prefer-pipe-operator (§3.6): nested first-argument call chain can be written with `|>` [fix]
warning: /Users/vrk93/chelis-json-io-fix/crates/chelis-prove/tests/fixtures/bs_vec.ch:32:22: redundant-linearity-call (implicit-linearity): `copy()` is valid for migration compatibility but redundant; implicit linearity inserts the corresponding IR node [fix]
warning: /Users/vrk93/chelis-json-io-fix/crates/chelis-prove/tests/fixtures/bs_vec.ch:32:31: redundant-linearity-call (implicit-linearity): `copy()` is valid for migration compatibility but redundant; implicit linearity inserts the corresponding IR node [fix]
warning: /Users/vrk93/chelis-json-io-fix/crates/chelis-prove/tests/fixtures/bs_vec.ch:34:11: redundant-linearity-call (implicit-linearity): `copy()` is valid for migration compatibility but redundant; implicit linearity inserts the corresponding IR node [fix]
warning: /Users/vrk93/chelis-json-io-fix/crates/chelis-prove/tests/fixtures/bs_vec.ch:34:27: redundant-linearity-call (implicit-linearity): `copy()` is valid for migration compatibility but redundant; implicit linearity inserts the corresponding IR node [fix]
warning: /Users/vrk93/chelis-json-io-fix/crates/chelis-prove/tests/fixtures/bs_vec.ch:34:43: redundant-linearity-call (implicit-linearity): `copy()` is valid for migration compatibility but redundant; implicit linearity inserts the corresponding IR node [fix]
warning: /Users/vrk93/chelis-json-io-fix/crates/chelis-prove/tests/fixtures/bs_vec.ch:34:52: redundant-linearity-call (implicit-linearity): `copy()` is valid for migration compatibility but redundant; implicit linearity inserts the corresponding IR node [fix]
warning: /Users/vrk93/chelis-json-io-fix/crates/chelis-prove/tests/fixtures/bs_vec.ch:35:14: redundant-linearity-call (implicit-linearity): `copy()` is valid for migration compatibility but redundant; implicit linearity inserts the corresponding IR node [fix]
warning: /Users/vrk93/chelis-json-io-fix/crates/chelis-prove/tests/fixtures/bs_vec.ch:35:28: redundant-linearity-call (implicit-linearity): `copy()` is valid for migration compatibility but redundant; implicit linearity inserts the corresponding IR node [fix]
warning: /Users/vrk93/chelis-json-io-fix/crates/chelis-prove/tests/fixtures/bs_vec.ch:35:42: redundant-linearity-call (implicit-linearity): `copy()` is valid for migration compatibility but redundant; implicit linearity inserts the corresponding IR node [fix]
warning: /Users/vrk93/chelis-json-io-fix/crates/chelis-prove/tests/fixtures/bs_vec.ch:35:56: redundant-linearity-call (implicit-linearity): `copy()` is valid for migration compatibility but redundant; implicit linearity inserts the corresponding IR node [fix]
warning: /Users/vrk93/chelis-json-io-fix/crates/chelis-prove/tests/fixtures/bs_vec.ch:35:70: redundant-linearity-call (implicit-linearity): `copy()` is valid for migration compatibility but redundant; implicit linearity inserts the corresponding IR node [fix]
warning: /Users/vrk93/chelis-json-io-fix/crates/chelis-prove/tests/fixtures/bs_vec.ch:35:84: redundant-linearity-call (implicit-linearity): `copy()` is valid for migration compatibility but redundant; implicit linearity inserts the corresponding IR node [fix]
warning: /Users/vrk93/chelis-json-io-fix/crates/chelis-prove/tests/fixtures/bs_vec.ch:35:98: redundant-linearity-call (implicit-linearity): `copy()` is valid for migration compatibility but redundant; implicit linearity inserts the corresponding IR node [fix]
warning: /Users/vrk93/chelis-json-io-fix/crates/chelis-prove/tests/fixtures/bs_vec.ch:35:112: redundant-linearity-call (implicit-linearity): `copy()` is valid for migration compatibility but redundant; implicit linearity inserts the corresponding IR node [fix]
warning: /Users/vrk93/chelis-json-io-fix/crates/chelis-prove/tests/fixtures/bs_vec.ch:35:126: redundant-linearity-call (implicit-linearity): `copy()` is valid for migration compatibility but redundant; implicit linearity inserts the corresponding IR node [fix]
warning: /Users/vrk93/chelis-json-io-fix/crates/chelis-prove/tests/fixtures/bs_vec.ch:35:136: redundant-linearity-call (implicit-linearity): `copy()` is valid for migration compatibility but redundant; implicit linearity inserts the corresponding IR node [fix]
warning: /Users/vrk93/chelis-json-io-fix/crates/chelis-prove/tests/fixtures/bs_vec.ch:36:19: redundant-linearity-call (implicit-linearity): `copy()` is valid for migration compatibility but redundant; implicit linearity inserts the corresponding IR node [fix]
warning: /Users/vrk93/chelis-json-io-fix/crates/chelis-prove/tests/fixtures/bs_vec.ch:36:30: redundant-linearity-call (implicit-linearity): `copy()` is valid for migration compatibility but redundant; implicit linearity inserts the corresponding IR node [fix]
warning: /Users/vrk93/chelis-json-io-fix/crates/chelis-prove/tests/fixtures/bs_vec.ch:39:22: redundant-linearity-call (implicit-linearity): `copy()` is valid for migration compatibility but redundant; implicit linearity inserts the corresponding IR node [fix]
warning: /Users/vrk93/chelis-json-io-fix/crates/chelis-prove/tests/fixtures/bs_vec.ch:40:33: redundant-linearity-call (implicit-linearity): `copy()` is valid for migration compatibility but redundant; implicit linearity inserts the corresponding IR node [fix]
warning: /Users/vrk93/chelis-json-io-fix/crates/chelis-prove/tests/fixtures/bs_vec.ch:42:14: prefer-pipe-operator (§3.6): nested first-argument call chain can be written with `|>` [fix]
warning: /Users/vrk93/chelis-json-io-fix/crates/chelis-prove/tests/fixtures/bs_vec.ch:42:26: redundant-linearity-call (implicit-linearity): `copy()` is valid for migration compatibility but redundant; implicit linearity inserts the corresponding IR node [fix]
warning: /Users/vrk93/chelis-json-io-fix/crates/chelis-prove/tests/fixtures/bs_vec.ch:48:9: prefer-pipe-operator (§3.6): nested first-argument call chain can be written with `|>` [fix]
warning: /Users/vrk93/chelis-json-io-fix/crates/chelis-prove/tests/fixtures/bs_vec.ch:48:13: redundant-linearity-call (implicit-linearity): `copy()` is valid for migration compatibility but redundant; implicit linearity inserts the corresponding IR node [fix]
warning: /Users/vrk93/chelis-json-io-fix/crates/chelis-prove/tests/fixtures/bs_vec.ch:48:25: redundant-linearity-call (implicit-linearity): `copy()` is valid for migration compatibility but redundant; implicit linearity inserts the corresponding IR node [fix]
warning: /Users/vrk93/chelis-json-io-fix/crates/chelis-prove/tests/fixtures/bs_vec.ch:49:12: prefer-pipe-operator (§3.6): nested first-argument call chain can be written with `|>` [fix]
warning: /Users/vrk93/chelis-json-io-fix/crates/chelis-prove/tests/fixtures/bs_vec.ch:49:16: redundant-linearity-call (implicit-linearity): `copy()` is valid for migration compatibility but redundant; implicit linearity inserts the corresponding IR node [fix]
warning: /Users/vrk93/chelis-json-io-fix/crates/chelis-prove/tests/fixtures/bs_vec.ch:49:25: redundant-linearity-call (implicit-linearity): `copy()` is valid for migration compatibility but redundant; implicit linearity inserts the corresponding IR node [fix]
warning: /Users/vrk93/chelis-json-io-fix/crates/chelis-prove/tests/fixtures/bs_vec.ch:51:3: prefer-pipe-operator (§3.6): nested first-argument call chain can be written with `|>` [fix]
warning: /Users/vrk93/chelis-json-io-fix/crates/chelis-prove/tests/fixtures/bs_vec.ch:51:7: redundant-linearity-call (implicit-linearity): `copy()` is valid for migration compatibility but redundant; implicit linearity inserts the corresponding IR node [fix]
warning: /Users/vrk93/chelis-json-io-fix/crates/chelis-prove/tests/fixtures/bs_vec.ch:56:21: redundant-linearity-call (implicit-linearity): `copy()` is valid for migration compatibility but redundant; implicit linearity inserts the corresponding IR node [fix]
warning: /Users/vrk93/chelis-json-io-fix/crates/chelis-prove/tests/fixtures/bs_vec.ch:56:30: redundant-linearity-call (implicit-linearity): `copy()` is valid for migration compatibility but redundant; implicit linearity inserts the corresponding IR node [fix]
warning: /Users/vrk93/chelis-json-io-fix/crates/chelis-prove/tests/fixtures/bs_vec.ch:56:49: redundant-linearity-call (implicit-linearity): `copy()` is valid for migration compatibility but redundant; implicit linearity inserts the corresponding IR node [fix]
warning: /Users/vrk93/chelis-json-io-fix/crates/chelis-prove/tests/fixtures/bs_vec.ch:56:62: redundant-linearity-call (implicit-linearity): `copy()` is valid for migration compatibility but redundant; implicit linearity inserts the corresponding IR node [fix]
warning: /Users/vrk93/chelis-json-io-fix/crates/chelis-prove/tests/fixtures/bs_vec.ch:56:78: redundant-linearity-call (implicit-linearity): `copy()` is valid for migration compatibility but redundant; implicit linearity inserts the corresponding IR node [fix]
warning: /Users/vrk93/chelis-json-io-fix/crates/chelis-prove/tests/fixtures/bs_vec.ch:56:91: redundant-linearity-call (implicit-linearity): `copy()` is valid for migration compatibility but redundant; implicit linearity inserts the corresponding IR node [fix]
warning: /Users/vrk93/chelis-json-io-fix/crates/chelis-prove/tests/fixtures/bs_vec.ch:56:107: redundant-linearity-call (implicit-linearity): `copy()` is valid for migration compatibility but redundant; implicit linearity inserts the corresponding IR node [fix]
warning: /Users/vrk93/chelis-json-io-fix/crates/chelis-prove/tests/fixtures/bs_vec.ch:57:12: prefer-pipe-operator (§3.6): nested first-argument call chain can be written with `|>` [fix]
warning: /Users/vrk93/chelis-json-io-fix/crates/chelis-prove/tests/fixtures/bs_vec.ch:57:16: redundant-linearity-call (implicit-linearity): `copy()` is valid for migration compatibility but redundant; implicit linearity inserts the corresponding IR node [fix]
warning: /Users/vrk93/chelis-json-io-fix/crates/chelis-prove/tests/fixtures/bs_vec.ch:57:34: redundant-linearity-call (implicit-linearity): `copy()` is valid for migration compatibility but redundant; implicit linearity inserts the corresponding IR node [fix]
warning: /Users/vrk93/chelis-json-io-fix/crates/chelis-prove/tests/fixtures/bs_vec.ch:62:3: prefer-pipe-operator (§3.6): nested first-argument call chain can be written with `|>` [fix]
warning: /Users/vrk93/chelis-json-io-fix/crates/chelis-prove/tests/fixtures/bs_vec.ch:62:43: redundant-linearity-call (implicit-linearity): `copy()` is valid for migration compatibility but redundant; implicit linearity inserts the corresponding IR node [fix]
warning: /Users/vrk93/chelis-json-io-fix/crates/chelis-prove/tests/fixtures/bs_vec.ch:62:61: redundant-linearity-call (implicit-linearity): `copy()` is valid for migration compatibility but redundant; implicit linearity inserts the corresponding IR node [fix]
warning: /Users/vrk93/chelis-json-io-fix/crates/chelis-prove/tests/fixtures/bs_vec.ch:70:22: redundant-linearity-call (implicit-linearity): `copy()` is valid for migration compatibility but redundant; implicit linearity inserts the corresponding IR node [fix]
warning: /Users/vrk93/chelis-json-io-fix/crates/chelis-prove/tests/fixtures/bs_vec.ch:70:32: redundant-linearity-call (implicit-linearity): `copy()` is valid for migration compatibility but redundant; implicit linearity inserts the corresponding IR node [fix]
warning: /Users/vrk93/chelis-json-io-fix/crates/chelis-prove/tests/fixtures/bs_vec.ch:71:3: prefer-pipe-operator (§3.6): nested first-argument call chain can be written with `|>` [fix]
warning: /Users/vrk93/chelis-json-io-fix/crates/chelis-prove/tests/fixtures/bs_vec.ch:82:22: redundant-linearity-call (implicit-linearity): `copy()` is valid for migration compatibility but redundant; implicit linearity inserts the corresponding IR node [fix]
warning: /Users/vrk93/chelis-json-io-fix/crates/chelis-prove/tests/fixtures/bs_vec.ch:82:32: redundant-linearity-call (implicit-linearity): `copy()` is valid for migration compatibility but redundant; implicit linearity inserts the corresponding IR node [fix]
warning: /Users/vrk93/chelis-json-io-fix/crates/chelis-prove/tests/fixtures/bs_vec.ch:83:3: prefer-pipe-operator (§3.6): nested first-argument call chain can be written with `|>` [fix]
warning: /Users/vrk93/chelis-json-io-fix/examples/dict_foundation.ch:27:13: prefer-pipe-operator (§3.6): nested first-argument call chain can be written with `|>` [fix]
warning: /Users/vrk93/chelis-json-io-fix/examples/dict_foundation.ch:28:15: prefer-pipe-operator (§3.6): nested first-argument call chain can be written with `|>` [fix]
warning: /Users/vrk93/chelis-json-io-fix/examples/illustrative/copy_elision_probe.ch:2:11: redundant-linearity-call (implicit-linearity): `copy()` is valid for migration compatibility but redundant; implicit linearity inserts the corresponding IR node [fix]
warning: /Users/vrk93/chelis-json-io-fix/examples/illustrative/copy_elision_probe.ch:3:11: redundant-linearity-call (implicit-linearity): `copy()` is valid for migration compatibility but redundant; implicit linearity inserts the corresponding IR node [fix]
warning: /Users/vrk93/chelis-json-io-fix/examples/illustrative/copy_elision_probe.ch:4:11: redundant-linearity-call (implicit-linearity): `copy()` is valid for migration compatibility but redundant; implicit linearity inserts the corresponding IR node [fix]
warning: /Users/vrk93/chelis-json-io-fix/examples/illustrative/copy_elision_probe.ch:5:11: redundant-linearity-call (implicit-linearity): `copy()` is valid for migration compatibility but redundant; implicit linearity inserts the corresponding IR node [fix]
warning: /Users/vrk93/chelis-json-io-fix/examples/illustrative/copy_elision_probe.ch:6:7: prefer-pipe-operator (§3.6): nested first-argument call chain can be written with `|>` [fix]
warning: /Users/vrk93/chelis-json-io-fix/examples/illustrative/copy_elision_probe.ch:6:12: redundant-linearity-call (implicit-linearity): `copy()` is valid for migration compatibility but redundant; implicit linearity inserts the corresponding IR node [fix]
warning: /Users/vrk93/chelis-json-io-fix/examples/illustrative/copy_elision_probe.ch:8:7: redundant-linearity-call (implicit-linearity): `drop()` is valid for migration compatibility but redundant; implicit linearity inserts the corresponding IR node [fix]
warning: /Users/vrk93/chelis-json-io-fix/examples/illustrative/copy_elision_probe.ch:9:7: redundant-linearity-call (implicit-linearity): `drop()` is valid for migration compatibility but redundant; implicit linearity inserts the corresponding IR node [fix]
warning: /Users/vrk93/chelis-json-io-fix/examples/illustrative/copy_elision_probe.ch:10:7: redundant-linearity-call (implicit-linearity): `drop()` is valid for migration compatibility but redundant; implicit linearity inserts the corresponding IR node [fix]
warning: /Users/vrk93/chelis-json-io-fix/examples/illustrative/copy_elision_probe.ch:11:7: redundant-linearity-call (implicit-linearity): `drop()` is valid for migration compatibility but redundant; implicit linearity inserts the corresponding IR node [fix]
warning: /Users/vrk93/chelis-json-io-fix/examples/illustrative/copy_elision_probe.ch:12:7: redundant-linearity-call (implicit-linearity): `drop()` is valid for migration compatibility but redundant; implicit linearity inserts the corresponding IR node [fix]
warning: /Users/vrk93/chelis-json-io-fix/examples/illustrative/mha_single_head.ch:2:14: redundant-linearity-call (implicit-linearity): `copy()` is valid for migration compatibility but redundant; implicit linearity inserts the corresponding IR node [fix]
warning: /Users/vrk93/chelis-json-io-fix/examples/illustrative/mha_single_head.ch:3:14: redundant-linearity-call (implicit-linearity): `copy()` is valid for migration compatibility but redundant; implicit linearity inserts the corresponding IR node [fix]
warning: /Users/vrk93/chelis-json-io-fix/examples/illustrative/mha_single_head.ch:4:14: redundant-linearity-call (implicit-linearity): `copy()` is valid for migration compatibility but redundant; implicit linearity inserts the corresponding IR node [fix]
warning: /Users/vrk93/chelis-json-io-fix/examples/illustrative/mha_single_head.ch:7:14: prefer-pipe-operator (§3.6): nested first-argument call chain can be written with `|>` [fix]
warning: /Users/vrk93/chelis-json-io-fix/examples/illustrative/mha_slice_combined_qkv.ch:13:16: redundant-linearity-call (implicit-linearity): `copy()` is valid for migration compatibility but redundant; implicit linearity inserts the corresponding IR node [fix]
warning: /Users/vrk93/chelis-json-io-fix/examples/illustrative/mha_slice_combined_qkv.ch:19:14: prefer-pipe-operator (§3.6): nested first-argument call chain can be written with `|>` [fix]
warning: /Users/vrk93/chelis-json-io-fix/examples/illustrative/mha_two_heads_unrolled.ch:2:15: redundant-linearity-call (implicit-linearity): `copy()` is valid for migration compatibility but redundant; implicit linearity inserts the corresponding IR node [fix]
warning: /Users/vrk93/chelis-json-io-fix/examples/illustrative/mha_two_heads_unrolled.ch:3:15: redundant-linearity-call (implicit-linearity): `copy()` is valid for migration compatibility but redundant; implicit linearity inserts the corresponding IR node [fix]
warning: /Users/vrk93/chelis-json-io-fix/examples/illustrative/mha_two_heads_unrolled.ch:4:15: redundant-linearity-call (implicit-linearity): `copy()` is valid for migration compatibility but redundant; implicit linearity inserts the corresponding IR node [fix]
warning: /Users/vrk93/chelis-json-io-fix/examples/illustrative/mha_two_heads_unrolled.ch:7:11: prefer-pipe-operator (§3.6): nested first-argument call chain can be written with `|>` [fix]
warning: /Users/vrk93/chelis-json-io-fix/examples/illustrative/mha_two_heads_unrolled.ch:8:15: redundant-linearity-call (implicit-linearity): `copy()` is valid for migration compatibility but redundant; implicit linearity inserts the corresponding IR node [fix]
warning: /Users/vrk93/chelis-json-io-fix/examples/illustrative/mha_two_heads_unrolled.ch:9:15: redundant-linearity-call (implicit-linearity): `copy()` is valid for migration compatibility but redundant; implicit linearity inserts the corresponding IR node [fix]
warning: /Users/vrk93/chelis-json-io-fix/examples/illustrative/mha_two_heads_unrolled.ch:10:15: redundant-linearity-call (implicit-linearity): `copy()` is valid for migration compatibility but redundant; implicit linearity inserts the corresponding IR node [fix]
warning: /Users/vrk93/chelis-json-io-fix/examples/illustrative/mha_two_heads_unrolled.ch:13:11: prefer-pipe-operator (§3.6): nested first-argument call chain can be written with `|>` [fix]
warning: /Users/vrk93/chelis-json-io-fix/examples/illustrative/runtime_shape_semantics.ch:4:57: prefer-pipe-operator (§3.6): nested first-argument call chain can be written with `|>` [fix]
warning: /Users/vrk93/chelis-json-io-fix/examples/illustrative/runtime_shape_semantics.ch:6:55: prefer-pipe-operator (§3.6): nested first-argument call chain can be written with `|>` [fix]
warning: /Users/vrk93/chelis-json-io-fix/examples/illustrative/runtime_shape_semantics.ch:6:94: prefer-pipe-operator (§3.6): nested first-argument call chain can be written with `|>` [fix]
warning: /Users/vrk93/chelis-json-io-fix/examples/iter_foundation.ch:3:36: prefer-pipe-operator (§3.6): nested first-argument call chain can be written with `|>` [fix]
warning: /Users/vrk93/chelis-json-io-fix/examples/iter_foundation.ch:15:11: prefer-pipe-operator (§3.6): nested first-argument call chain can be written with `|>` [fix]
warning: /Users/vrk93/chelis-json-io-fix/examples/list_foundation.ch:5:14: prefer-pipe-operator (§3.6): nested first-argument call chain can be written with `|>` [fix]
warning: /Users/vrk93/chelis-json-io-fix/examples/list_foundation.ch:6:13: prefer-pipe-operator (§3.6): nested first-argument call chain can be written with `|>` [fix]
warning: /Users/vrk93/chelis-json-io-fix/examples/list_foundation.ch:11:46: prefer-pipe-operator (§3.6): nested first-argument call chain can be written with `|>` [fix]
warning: /Users/vrk93/chelis-json-io-fix/examples/list_foundation.ch:11:218: prefer-pipe-operator (§3.6): nested first-argument call chain can be written with `|>` [fix]
warning: /Users/vrk93/chelis-json-io-fix/examples/scalar_string_foundation.ch:12:53: prefer-pipe-operator (§3.6): nested first-argument call chain can be written with `|>` [fix]
warning: /Users/vrk93/chelis-json-io-fix/examples/scalar_string_foundation.ch:20:12: prefer-pipe-operator (§3.6): nested first-argument call chain can be written with `|>` [fix]
warning: /Users/vrk93/chelis-json-io-fix/examples/transformer_block.ch:7:10: prefer-pipe-operator (§3.6): nested first-argument call chain can be written with `|>` [fix]
warning: /Users/vrk93/chelis-json-io-fix/examples/transformer_block.ch:8:11: prefer-pipe-operator (§3.6): nested first-argument call chain can be written with `|>` [fix]
warning: /Users/vrk93/chelis-json-io-fix/packages/chelis-std/src/contracts.ch:7:9: prefer-pipe-operator (§3.6): nested first-argument call chain can be written with `|>` [fix]
warning: /Users/vrk93/chelis-json-io-fix/packages/chelis-std/src/contracts.ch:9:9: prefer-pipe-operator (§3.6): nested first-argument call chain can be written with `|>` [fix]
warning: /Users/vrk93/chelis-json-io-fix/packages/chelis-std/src/contracts.ch:13:34: prefer-pipe-operator (§3.6): nested first-argument call chain can be written with `|>` [fix]
warning: /Users/vrk93/chelis-json-io-fix/packages/chelis-std/src/contracts.ch:14:33: prefer-pipe-operator (§3.6): nested first-argument call chain can be written with `|>` [fix]
warning: /Users/vrk93/chelis-json-io-fix/packages/chelis-std/src/init/random.ch:9:7: redundant-linearity-call (implicit-linearity): `drop()` is valid for migration compatibility but redundant; implicit linearity inserts the corresponding IR node [fix]
warning: /Users/vrk93/chelis-json-io-fix/packages/chelis-std/src/init/random.ch:10:7: redundant-linearity-call (implicit-linearity): `drop()` is valid for migration compatibility but redundant; implicit linearity inserts the corresponding IR node [fix]
warning: /Users/vrk93/chelis-json-io-fix/packages/chelis-std/src/init/random.ch:14:16: prefer-pipe-operator (§3.6): nested first-argument call chain can be written with `|>` [fix]
warning: /Users/vrk93/chelis-json-io-fix/packages/chelis-std/src/io/csv.ch:6:15: prefer-pipe-operator (§3.6): nested first-argument call chain can be written with `|>` [fix]
warning: /Users/vrk93/chelis-json-io-fix/packages/chelis-std/src/io/csv.ch:10:6: prefer-pipe-operator (§3.6): nested first-argument call chain can be written with `|>` [fix]
warning: /Users/vrk93/chelis-json-io-fix/packages/chelis-std/src/io/csv.ch:12:41: prefer-pipe-operator (§3.6): nested first-argument call chain can be written with `|>` [fix]
warning: /Users/vrk93/chelis-json-io-fix/packages/chelis-std/src/io/csv.ch:13:8: prefer-pipe-operator (§3.6): nested first-argument call chain can be written with `|>` [fix]
warning: /Users/vrk93/chelis-json-io-fix/packages/chelis-std/src/io/csv.ch:13:64: prefer-pipe-operator (§3.6): nested first-argument call chain can be written with `|>` [fix]
warning: /Users/vrk93/chelis-json-io-fix/packages/chelis-std/src/io/csv.ch:20:6: prefer-pipe-operator (§3.6): nested first-argument call chain can be written with `|>` [fix]
warning: /Users/vrk93/chelis-json-io-fix/packages/chelis-std/src/io/csv.ch:23:28: prefer-pipe-operator (§3.6): nested first-argument call chain can be written with `|>` [fix]
warning: /Users/vrk93/chelis-json-io-fix/packages/chelis-std/src/io/csv.ch:23:136: prefer-pipe-operator (§3.6): nested first-argument call chain can be written with `|>` [fix]
warning: /Users/vrk93/chelis-json-io-fix/packages/chelis-std/src/io/csv.ch:30:66: prefer-pipe-operator (§3.6): nested first-argument call chain can be written with `|>` [fix]
warning: /Users/vrk93/chelis-json-io-fix/packages/chelis-std/src/io/csv.ch:35:92: prefer-pipe-operator (§3.6): nested first-argument call chain can be written with `|>` [fix]
warning: /Users/vrk93/chelis-json-io-fix/packages/chelis-std/src/io.ch:5:84: prefer-pipe-operator (§3.6): nested first-argument call chain can be written with `|>` [fix]
warning: /Users/vrk93/chelis-json-io-fix/packages/chelis-std/src/io.ch:6:66: prefer-pipe-operator (§3.6): nested first-argument call chain can be written with `|>` [fix]
warning: /Users/vrk93/chelis-json-io-fix/packages/chelis-std/src/io.ch:9:40: prefer-pipe-operator (§3.6): nested first-argument call chain can be written with `|>` [fix]
warning: /Users/vrk93/chelis-json-io-fix/packages/chelis-std/src/tensor/construct.ch:7:12: prefer-pipe-operator (§3.6): nested first-argument call chain can be written with `|>` [fix]
warning: /Users/vrk93/chelis-json-io-fix/packages/chelis-std/src/tensor/construct.ch:9:9: redundant-linearity-call (implicit-linearity): `drop()` is valid for migration compatibility but redundant; implicit linearity inserts the corresponding IR node [fix]
warning: /Users/vrk93/chelis-json-io-fix/packages/chelis-std/src/tensor/construct.ch:14:11: prefer-pipe-operator (§3.6): nested first-argument call chain can be written with `|>` [fix]
warning: /Users/vrk93/chelis-json-io-fix/packages/chelis-std/src/tensor/construct.ch:15:11: prefer-pipe-operator (§3.6): nested first-argument call chain can be written with `|>` [fix]
warning: /Users/vrk93/chelis-json-io-fix/packages/chelis-std/src/tensor/construct.ch:19:11: prefer-pipe-operator (§3.6): nested first-argument call chain can be written with `|>` [fix]
warning: /Users/vrk93/chelis-json-io-fix/packages/chelis-std/src/tensor/construct.ch:20:11: prefer-pipe-operator (§3.6): nested first-argument call chain can be written with `|>` [fix]
warning: /Users/vrk93/chelis-json-io-fix/packages/chelis-std/src/tensor/mask.ch:4:11: prefer-pipe-operator (§3.6): nested first-argument call chain can be written with `|>` [fix]
warning: /Users/vrk93/chelis-json-io-fix/packages/chelis-std/src/time.ch:21:76: prefer-pipe-operator (§3.6): nested first-argument call chain can be written with `|>` [fix]
warning: /Users/vrk93/chelis-json-io-fix/packages/chelis-std/src/time.ch:21:165: prefer-pipe-operator (§3.6): nested first-argument call chain can be written with `|>` [fix]
warning: /Users/vrk93/chelis-json-io-fix/packages/chelis-std/src/time.ch:25:67: prefer-pipe-operator (§3.6): nested first-argument call chain can be written with `|>` [fix]
warning: /Users/vrk93/chelis-json-io-fix/packages/chelis-std/src/time.ch:26:51: prefer-pipe-operator (§3.6): nested first-argument call chain can be written with `|>` [fix]
warning: /Users/vrk93/chelis-json-io-fix/packages/chelis-std/src/time.ch:27:45: prefer-pipe-operator (§3.6): nested first-argument call chain can be written with `|>` [fix]
warning: /Users/vrk93/chelis-json-io-fix/packages/chelis-std/src/time.ch:28:46: prefer-pipe-operator (§3.6): nested first-argument call chain can be written with `|>` [fix]
warning: /Users/vrk93/chelis-json-io-fix/packages/chelis-std/src/time.ch:29:45: prefer-pipe-operator (§3.6): nested first-argument call chain can be written with `|>` [fix]
warning: /Users/vrk93/chelis-json-io-fix/packages/chelis-std/src/time.ch:30:46: prefer-pipe-operator (§3.6): nested first-argument call chain can be written with `|>` [fix]
warning: /Users/vrk93/chelis-json-io-fix/packages/chelis-std/src/time.ch:33:6: prefer-pipe-operator (§3.6): nested first-argument call chain can be written with `|>` [fix]
warning: /Users/vrk93/chelis-json-io-fix/packages/chelis-std/src/time.ch:33:63: prefer-pipe-operator (§3.6): nested first-argument call chain can be written with `|>` [fix]
warning: /Users/vrk93/chelis-json-io-fix/packages/chelis-std/src/time.ch:33:121: prefer-pipe-operator (§3.6): nested first-argument call chain can be written with `|>` [fix]
warning: /Users/vrk93/chelis-json-io-fix/packages/chelis-std/src/time.ch:33:182: prefer-pipe-operator (§3.6): nested first-argument call chain can be written with `|>` [fix]
warning: /Users/vrk93/chelis-json-io-fix/packages/chelis-std/src/time.ch:34:27: prefer-pipe-operator (§3.6): nested first-argument call chain can be written with `|>` [fix]
warning: /Users/vrk93/chelis-json-io-fix/packages/chelis-std/src/time.ch:35:28: prefer-pipe-operator (§3.6): nested first-argument call chain can be written with `|>` [fix]
warning: /Users/vrk93/chelis-json-io-fix/packages/chelis-std/src/time.ch:46:12: prefer-pipe-operator (§3.6): nested first-argument call chain can be written with `|>` [fix]
warning: /Users/vrk93/chelis-json-io-fix/packages/chelis-std/src/time.ch:68:41: prefer-pipe-operator (§3.6): nested first-argument call chain can be written with `|>` [fix]
warning: /Users/vrk93/chelis-json-io-fix/packages/chelis-std/src/time.ch:87:47: prefer-pipe-operator (§3.6): nested first-argument call chain can be written with `|>` [fix]
warning: /Users/vrk93/chelis-json-io-fix/packages/chelis-std/src/time.ch:88:140: prefer-pipe-operator (§3.6): nested first-argument call chain can be written with `|>` [fix]
warning: /Users/vrk93/chelis-json-io-fix/packages/chelis-std/src/time.ch:91:82: prefer-pipe-operator (§3.6): nested first-argument call chain can be written with `|>` [fix]
warning: /Users/vrk93/chelis-json-io-fix/packages/chelis-std/src/time.ch:91:138: prefer-pipe-operator (§3.6): nested first-argument call chain can be written with `|>` [fix]
warning: /Users/vrk93/chelis-json-io-fix/packages/chelis-std/src/time.ch:94:75: prefer-pipe-operator (§3.6): nested first-argument call chain can be written with `|>` [fix]
warning: /Users/vrk93/chelis-json-io-fix/packages/chelis-std/src/time.ch:99:82: prefer-pipe-operator (§3.6): nested first-argument call chain can be written with `|>` [fix]
warning: /Users/vrk93/chelis-json-io-fix/packages/chelis-std/src/time.ch:108:6: prefer-pipe-operator (§3.6): nested first-argument call chain can be written with `|>` [fix]
+ cargo test -p chelis-types --doc
   Compiling unicode-ident v1.0.24
   Compiling proc-macro2 v1.0.106
   Compiling quote v1.0.45
   Compiling syn v2.0.117
   Compiling serde_derive v1.0.228
   Compiling miette-derive v7.6.0
   Compiling thiserror-impl v2.0.18
   Compiling zerocopy-derive v0.8.48
   Compiling miette v7.6.0
   Compiling thiserror v2.0.18
   Compiling zerocopy v0.8.48
   Compiling serde v1.0.228
   Compiling chelis-deep v0.17.5 (/Users/vrk93/chelis-json-io-fix/crates/chelis-deep)
   Compiling bincode v1.3.3
   Compiling chelis-pred v0.17.5 (/Users/vrk93/chelis-json-io-fix/crates/chelis-pred)
   Compiling chelis-macros v0.17.5 (/Users/vrk93/chelis-json-io-fix/crates/chelis-macros)
   Compiling chelis-surf v0.17.5 (/Users/vrk93/chelis-json-io-fix/crates/chelis-surf)
   Compiling half v2.7.1
   Compiling chelis-types v0.17.5 (/Users/vrk93/chelis-json-io-fix/crates/chelis-types)
    Finished `test` profile [unoptimized + debuginfo] target(s) in 6.89s
   Doc-tests chelis_types

running 2 tests
test crates/chelis-types/src/infer.rs - infer::stack_guard (line 323) ... ignored
test crates/chelis-types/src/unsupported.rs - unsupported (line 51) ... ok

test result: ok. 1 passed; 0 failed; 1 ignored; 0 measured; 0 filtered out; finished in 0.00s


running 12 tests
test crates/chelis-types/src/errors.rs - errors::report (line 125) - compile fail ... ok
test crates/chelis-types/src/errors.rs - errors::report (line 100) - compile fail ... ok
test crates/chelis-types/src/errors.rs - errors::report (line 114) - compile fail ... ok
test crates/chelis-types/src/unsupported.rs - unsupported (line 66) - compile fail ... ok
test crates/chelis-types/src/unsupported.rs - unsupported (line 61) - compile fail ... ok
test crates/chelis-types/src/unsupported.rs - unsupported (line 56) - compile fail ... ok
test crates/chelis-types/src/errors.rs - errors::ErrorWitness (line 68) - compile fail ... ok
test crates/chelis-types/src/errors.rs - errors::report (line 109) - compile fail ... ok
test crates/chelis-types/src/errors.rs - errors::report (line 89) - compile fail ... ok
test crates/chelis-types/src/errors.rs - errors::ErrorWitness (line 40) - compile fail ... ok
test crates/chelis-types/src/errors.rs - errors::report (line 120) - compile fail ... ok
test crates/chelis-types/src/unsupported.rs - unsupported (line 71) - compile fail ... ok

test result: ok. 12 passed; 0 failed; 0 ignored; 0 measured; 0 filtered out; finished in 0.11s

all doctests ran in 0.44s; merged doctests compilation took 0.14s
+ cargo nextest run -p chelis-backend-c
   Compiling memchr v2.8.0
   Compiling rustix v1.1.4
   Compiling serde_json v1.0.149
   Compiling once_cell v1.21.4
   Compiling object v0.37.3
   Compiling terminal_size v0.4.4
   Compiling tempfile v3.27.0
   Compiling backtrace v0.3.76
   Compiling ar_archive_writer v0.5.2
   Compiling backtrace-ext v0.2.1
   Compiling miette v7.6.0
   Compiling psm v0.1.31
   Compiling chelis-deep v0.17.5 (/Users/vrk93/chelis-json-io-fix/crates/chelis-deep)
   Compiling stacker v0.1.24
   Compiling chelis-pred v0.17.5 (/Users/vrk93/chelis-json-io-fix/crates/chelis-pred)
   Compiling chelis-types v0.17.5 (/Users/vrk93/chelis-json-io-fix/crates/chelis-types)
   Compiling chelis-ir v0.17.5 (/Users/vrk93/chelis-json-io-fix/crates/chelis-ir)
   Compiling chelis-backend-c v0.17.5 (/Users/vrk93/chelis-json-io-fix/crates/chelis-backend-c)
    Finished `test` profile [unoptimized + debuginfo] target(s) in 11.27s
────────────
 Nextest run ID 045ff1e1-66ac-4987-88ec-cd3e12cd3d63 with nextest profile: default
    Starting 392 tests across 23 binaries (1 test skipped)
        PASS [   0.017s] (  1/392) chelis-backend-c blas::tests::rejects_non_sum_node
        PASS [   0.018s] (  2/392) chelis-backend-c blas::tests::detects_matmul_pattern
        PASS [   0.019s] (  3/392) chelis-backend-c blas::tests::rejects_mismatched_k_dims
        PASS [   0.018s] (  4/392) chelis-backend-c blas::tests::rejects_nonexistent_node
        PASS [   0.019s] (  5/392) chelis-backend-c blas::tests::rejects_sum_without_mul_input
        PASS [   0.019s] (  6/392) chelis-backend-c emit::tests::atan_emits_atanf
        PASS [   0.019s] (  7/392) chelis-backend-c emit::tests::binary_add_fast_path_emits_restrict_and_simd
        PASS [   0.019s] (  8/392) chelis-backend-c emit::tests::add_then_mul_chains
        PASS [   0.019s] (  9/392) chelis-backend-c emit::tests::abs_numerical_correctness
        PASS [   0.019s] ( 10/392) chelis-backend-c emit::tests::abs_emits_fabsf
        PASS [   0.020s] ( 11/392) chelis-backend-c emit::tests::add_emits_stride_aware_loop
        PASS [   0.009s] ( 12/392) chelis-backend-c emit::tests::binary_add_with_expanded_input_includes_slow_path
        PASS [   0.010s] ( 13/392) chelis-backend-c emit::tests::bool_outputs_use_bool_dtype
        PASS [   0.010s] ( 14/392) chelis-backend-c emit::tests::ceil_emits_ceilf
        PASS [   0.010s] ( 15/392) chelis-backend-c emit::tests::cmplt_emits_ternary_float
        PASS [   0.011s] ( 16/392) chelis-backend-c emit::tests::cos_numerical_correctness
        PASS [   0.011s] ( 17/392) chelis-backend-c emit::tests::default_codegen_uses_generic_matmul_path
        PASS [   0.011s] ( 18/392) chelis-backend-c emit::tests::cos_emits_cosf
        PASS [   0.012s] ( 19/392) chelis-backend-c emit::tests::copy_materializes_and_drop_emits_no_wrapper
        PASS [   0.013s] ( 20/392) chelis-backend-c emit::tests::cast_emits_elementwise_conversion_loop
        PASS [   0.013s] ( 21/392) chelis-backend-c emit::tests::const_emits_alloc_and_fill
        PASS [   0.013s] ( 22/392) chelis-backend-c emit::tests::exp_emits_expf
        PASS [   0.009s] ( 23/392) chelis-backend-c emit::tests::expand_sets_stride_zero
        PASS [   0.009s] ( 24/392) chelis-backend-c emit::tests::f64_const_uses_chelis_fill_f64_and_dtype_macro
        PASS [   0.009s] ( 25/392) chelis-backend-c emit::tests::f64_tensor_add_uses_double_pointer_cast
        PASS [   0.010s] ( 26/392) chelis-backend-c emit::tests::f64_tensor_exp_emits_exp_not_expf
        PASS [   0.010s] ( 27/392) chelis-backend-c emit::tests::function_signature_correct
        PASS [   0.010s] ( 28/392) chelis-backend-c emit::tests::floor_emits_floorf
        PASS [   0.010s] ( 29/392) chelis-backend-c emit::tests::fused_elem_fast_path_emits_restrict_and_simd
        PASS [   0.010s] ( 30/392) chelis-backend-c emit::tests::fused_reusable_input_with_multiple_consumers_does_not_alias
        PASS [   0.010s] ( 31/392) chelis-backend-c emit::tests::fused_elem_without_reusable_input_keeps_non_in_place_restrict_shape
        PASS [   0.012s] ( 32/392) chelis-backend-c emit::tests::includes_runtime_header
        PASS [   0.011s] ( 33/392) chelis-backend-c emit::tests::input_labels_follow_first_load_occurrence
        PASS [   0.009s] ( 34/392) chelis-backend-c emit::tests::int64_const_does_not_panic
        PASS [   0.010s] ( 35/392) chelis-backend-c emit::tests::load_emits_input_reference
        PASS [   0.010s] ( 36/392) chelis-backend-c emit::tests::load_is_borrowed_not_freed
        PASS [   0.012s] ( 37/392) chelis-backend-c emit::tests::int64_add_does_not_panic
        PASS [   0.008s] ( 38/392) chelis-backend-c emit::tests::log_emits_logf
        PASS [   0.008s] ( 39/392) chelis-backend-c emit::tests::max_elem_emits_fmaxf
        PASS [   0.009s] ( 40/392) chelis-backend-c emit::tests::matmul_pattern_emits_cblas_call
        PASS [   0.010s] ( 41/392) chelis-backend-c emit::tests::max_reduce_emits_nan_propagating_max
        PASS [   0.008s] ( 42/392) chelis-backend-c emit::tests::neg_emits_unary_minus
        PASS [   0.011s] ( 43/392) chelis-backend-c emit::tests::mul_emits_star_op
        PASS [   0.008s] ( 44/392) chelis-backend-c emit::tests::omp_pragma_in_elementwise
        PASS [   0.006s] ( 45/392) chelis-backend-c emit::tests::reduce_window_max_min_drop_nan
        PASS [   0.008s] ( 46/392) chelis-backend-c emit::tests::pad_emits_fill_and_copy
        PASS [   0.009s] ( 47/392) chelis-backend-c emit::tests::permute_emits_stride_swap
        PASS [   0.008s] ( 48/392) chelis-backend-c emit::tests::reshape_emits_contiguous_check
        PASS [   0.008s] ( 49/392) chelis-backend-c emit::tests::repeated_load_names_share_one_input_slot
        PASS [   0.009s] ( 50/392) chelis-backend-c emit::tests::realize_emits_materialization_loop
        PASS [   0.008s] ( 51/392) chelis-backend-c emit::tests::roots_are_emitted_as_multiple_outputs
        PASS [   0.008s] ( 52/392) chelis-backend-c emit::tests::round_emits_rintf
        PASS [   0.008s] ( 53/392) chelis-backend-c emit::tests::shrink_emits_offset_copy
        PASS [   0.007s] ( 54/392) chelis-backend-c emit::tests::sparse_gather_embedding_probe_does_not_allocate_dense_one_hot_product
        PASS [   0.008s] ( 55/392) chelis-backend-c emit::tests::sin_emits_sinf
        PASS [   0.007s] ( 56/392) chelis-backend-c emit::tests::sparse_gather_rejects_float_indices_at_emit_boundary
        PASS [   0.006s] ( 57/392) chelis-backend-c emit::tests::sparse_scatter_add_uses_typed_indices_payload_and_copy_size
        PASS [   0.011s] ( 58/392) chelis-backend-c emit::tests::shrink_to_end_sentinel_rejected_by_c_backend
        PASS [   0.006s] ( 59/392) chelis-backend-c emit::tests::stride_emits_stride_multiply
        PASS [   0.008s] ( 60/392) chelis-backend-c emit::tests::sqrt_emits_sqrtf
        PASS [   0.008s] ( 61/392) chelis-backend-c emit::tests::sparse_scatter_add_rejects_float_indices_at_emit_boundary
        PASS [   0.009s] ( 62/392) chelis-backend-c emit::tests::sparse_gather_uses_typed_indices_and_payload_pointers
        PASS [   0.008s] ( 63/392) chelis-backend-c emit::tests::store_is_alias
        PASS [   0.006s] ( 64/392) chelis-backend-c emit::tests::tan_emits_tanf
        PASS [   0.007s] ( 65/392) chelis-backend-c emit::tests::sum_then_neg_chains
        PASS [   0.009s] ( 66/392) chelis-backend-c emit::tests::sum_emits_reduction_loop
        PASS [   0.006s] ( 67/392) chelis-backend-c emit::tests::unary_neg_fast_path_emits_restrict_and_simd
        PASS [   0.007s] ( 68/392) chelis-backend-c emit::tests::target_fused_in_place_restrict_shape_aliases_only_reusable_input
        PASS [   0.007s] ( 69/392) chelis-backend-c emit::tests::unsupported_precision_panics_for_f8e4m3
        PASS [   0.006s] ( 70/392) chelis-backend-c emitted_expr::tests::operator_precedence_is_explicit_in_rendering
        PASS [   0.008s] ( 71/392) chelis-backend-c emitted_expr::tests::arbitrary_c_text_cannot_launder_through_identifier_node
        PASS [   0.008s] ( 72/392) chelis-backend-c emitted_expr::tests::structured_vocabulary_has_no_raw_expression_node_or_constructor
        PASS [   0.009s] ( 73/392) chelis-backend-c emit::tests::vector_add_uses_correct_shape
        PASS [   0.008s] ( 74/392) chelis-backend-c emitted_expr::tests::structured_tree_renders_only_after_construction
        PASS [   0.006s] ( 75/392) chelis-backend-c host_abi_tests::abi_conversion_accepts_only_resolved_logical_types
        PASS [   0.005s] ( 76/392) chelis-backend-c host_abi_tests::reduced_float_boxed_element_has_no_scalar_c_spelling
        PASS [   0.006s] ( 77/392) chelis-backend-c host_abi_tests::supported_concrete_types_map_to_exact_c_host_abis
        PASS [   0.007s] ( 78/392) chelis-backend-c host_abi_tests::first_class_function_type_has_no_general_c_host_value_abi
        PASS [   0.008s] ( 79/392) chelis-backend-c host_abi_tests::nested_values_cannot_hide_an_unsupported_scalar_abi
        PASS [   0.006s] ( 80/392) chelis-backend-c host_abi_tests::unsupported_scalar_abis_return_the_shared_typed_diagnostic
        PASS [   0.005s] ( 81/392) chelis-backend-c host_emit::expression_dispatch_tests::open_builtin_name_must_decode_before_expression_construction
        PASS [   0.007s] ( 82/392) chelis-backend-c host_abi_tests::unresolved_callee_markers_are_rejected_at_projection_in_both_positions
        PASS [   0.007s] ( 83/392) chelis-backend-c memory::tests::capacity_fits_concrete_larger_and_rejects_distinct_symbolic_keys
        PASS [   0.007s] ( 84/392) chelis-backend-c memory::tests::planner_keeps_loads_borrowed
        PASS [   0.008s] ( 85/392) chelis-backend-c memory::tests::cleanup_frees_wrappers_at_epilogue_then_slots
        PASS [   0.008s] ( 86/392) chelis-backend-c memory::tests::planner_does_not_alpha_rename_unrelated_symbolic_capacity
        PASS [   0.006s] ( 87/392) chelis-backend-c memory::tests::planner_reuses_commuted_symbolic_product_capacity
        PASS [   0.008s] ( 88/392) chelis-backend-c memory::tests::metadata_view_extends_source_lifetime
        PASS [   0.010s] ( 89/392) chelis-backend-c memory::tests::planner_keeps_overlapping_values_separate
        PASS [   0.008s] ( 90/392) chelis-backend-c memory::tests::planner_reuses_non_overlapping_slots
        PASS [   0.008s] ( 91/392) chelis-backend-c memory::tests::planner_reuses_identity_simplified_symbolic_capacity
        PASS [   0.008s] ( 92/392) chelis-backend-c memory::tests::symbolic_exact_match_reuses_but_non_match_falls_back
        PASS [   0.009s] ( 93/392) chelis-backend-c memory::tests::store_outputs_are_standalone_not_slots
        PASS [   0.006s] ( 94/392) chelis-backend-c memory::tests::terminal_drop_closes_slot_lifetime_for_reuse
        PASS [   0.007s] ( 95/392) chelis-backend-c tests::adv_abs_emits_fabsf_not_absf
        PASS [   0.008s] ( 96/392) chelis-backend-c tests::adv_host_program_with_globals_fns_are_static_inline_helpers_remain_static_void
        PASS [   0.006s] ( 97/392) chelis-backend-c tests::adv_tan_emits_tanf_not_tanhf
        PASS [   0.006s] ( 98/392) chelis-backend-c tests::codegen_accepts_well_sized_leading_axis_pad
        PASS [   0.008s] ( 99/392) chelis-backend-c tests::codegen_does_not_surface_openblas_by_default
        PASS [   0.008s] (100/392) chelis-backend-c tests::codegen_header_is_declaration
        PASS [   0.006s] (101/392) chelis-backend-c tests::codegen_returns_source_and_header
        PASS [   0.008s] (102/392) chelis-backend-c tests::codegen_rejects_mis_sized_leading_axis_pad
        PASS [   0.005s] (103/392) chelis-backend-c tests::codegen_surfaces_store_output_labels
        PASS [   0.007s] (104/392) chelis-backend-c tests::codegen_surfaces_distinct_input_labels
        PASS [   0.006s] (105/392) chelis-backend-c tests::dag_codegen_exported_entry_has_no_static_prefix
        PASS [   0.008s] (106/392) chelis-backend-c tests::codegen_with_blas_surfaces_openblas_requirement_for_matmul_pattern
        PASS [   0.007s] (107/392) chelis-backend-c tests::dag_codegen_with_static_entry_option_emits_static_prefix
        FAIL [   0.023s] (108/392) chelis-backend-c tests::adv_host_program_compiles_as_shared_library_with_fpic
  stdout ───

    running 1 test
    test tests::adv_host_program_compiles_as_shared_library_with_fpic ... FAILED

    failures:

    failures:
        tests::adv_host_program_compiles_as_shared_library_with_fpic

    test result: FAILED. 0 passed; 1 failed; 0 ignored; 0 measured; 167 filtered out; finished in 0.02s

  stderr ───

    thread 'tests::adv_host_program_compiles_as_shared_library_with_fpic' (8308473) panicked at crates/chelis-backend-c/src/lib.rs:263:9:
    could not locate libchelis_runtime.a for backend-c tests
    note: run with `RUST_BACKTRACE=1` environment variable to display a backtrace

  Cancelling due to test failure: 10 tests still running
        PASS [   0.006s] (109/392) chelis-backend-c tests::host_program_tensor_helpers_are_static_entry_not_exported
        PASS [   0.009s] (110/392) chelis-backend-c tests::host_program_tensor_helper_blas_sets_toolchain_requirement
        FAIL [   0.034s] (111/392) chelis-backend-c tests::adv_numerical_atan_at_1
  stdout ───

    running 1 test
    test tests::adv_numerical_atan_at_1 ... FAILED

    failures:

    failures:
        tests::adv_numerical_atan_at_1

    test result: FAILED. 0 passed; 1 failed; 0 ignored; 0 measured; 167 filtered out; finished in 0.03s

  stderr ───

    thread 'tests::adv_numerical_atan_at_1' (8308475) panicked at crates/chelis-backend-c/src/lib.rs:263:9:
    could not locate libchelis_runtime.a for backend-c tests
    note: run with `RUST_BACKTRACE=1` environment variable to display a backtrace

        FAIL [   0.035s] (112/392) chelis-backend-c tests::adv_numerical_abs_negative_pi
  stdout ───

    running 1 test
    test tests::adv_numerical_abs_negative_pi ... FAILED

    failures:

    failures:
        tests::adv_numerical_abs_negative_pi

    test result: FAILED. 0 passed; 1 failed; 0 ignored; 0 measured; 167 filtered out; finished in 0.03s

  stderr ───

    thread 'tests::adv_numerical_abs_negative_pi' (8308466) panicked at crates/chelis-backend-c/src/lib.rs:263:9:
    could not locate libchelis_runtime.a for backend-c tests
    note: run with `RUST_BACKTRACE=1` environment variable to display a backtrace

        FAIL [   0.033s] (113/392) chelis-backend-c tests::adv_numerical_cos_at_pi_over_4
  stdout ───

    running 1 test
    test tests::adv_numerical_cos_at_pi_over_4 ... FAILED

    failures:

    failures:
        tests::adv_numerical_cos_at_pi_over_4

    test result: FAILED. 0 passed; 1 failed; 0 ignored; 0 measured; 167 filtered out; finished in 0.03s

  stderr ───

    thread 'tests::adv_numerical_cos_at_pi_over_4' (8308511) panicked at crates/chelis-backend-c/src/lib.rs:263:9:
    could not locate libchelis_runtime.a for backend-c tests
    note: run with `RUST_BACKTRACE=1` environment variable to display a backtrace

        FAIL [   0.034s] (114/392) chelis-backend-c tests::adv_numerical_ceil_negative
  stdout ───

    running 1 test
    test tests::adv_numerical_ceil_negative ... FAILED

    failures:

    failures:
        tests::adv_numerical_ceil_negative

    test result: FAILED. 0 passed; 1 failed; 0 ignored; 0 measured; 167 filtered out; finished in 0.03s

  stderr ───

    thread 'tests::adv_numerical_ceil_negative' (8308501) panicked at crates/chelis-backend-c/src/lib.rs:263:9:
    could not locate libchelis_runtime.a for backend-c tests
    note: run with `RUST_BACKTRACE=1` environment variable to display a backtrace

        FAIL [   0.035s] (115/392) chelis-backend-c tests::adv_numerical_floor_negative
  stdout ───

    running 1 test
    test tests::adv_numerical_floor_negative ... FAILED

    failures:

    failures:
        tests::adv_numerical_floor_negative

    test result: FAILED. 0 passed; 1 failed; 0 ignored; 0 measured; 167 filtered out; finished in 0.03s

  stderr ───

    thread 'tests::adv_numerical_floor_negative' (8308507) panicked at crates/chelis-backend-c/src/lib.rs:263:9:
    could not locate libchelis_runtime.a for backend-c tests
    note: run with `RUST_BACKTRACE=1` environment variable to display a backtrace

        PASS [   0.019s] (116/392) chelis-backend-c tests::generated_code_compiles_with_openmp
        FAIL [   0.030s] (117/392) chelis-backend-c tests::f64_tensor_const_and_add_produces_correct_output
  stdout ───

    running 1 test
    test tests::f64_tensor_const_and_add_produces_correct_output ... FAILED

    failures:

    failures:
        tests::f64_tensor_const_and_add_produces_correct_output

    test result: FAILED. 0 passed; 1 failed; 0 ignored; 0 measured; 167 filtered out; finished in 0.02s

  stderr ───

    thread 'tests::f64_tensor_const_and_add_produces_correct_output' (8308573) panicked at crates/chelis-backend-c/src/lib.rs:263:9:
    could not locate libchelis_runtime.a for backend-c tests
    note: run with `RUST_BACKTRACE=1` environment variable to display a backtrace

        FAIL [   0.029s] (118/392) chelis-backend-c tests::f64_tensor_sin_at_pi_over_4
  stdout ───

    running 1 test
    test tests::f64_tensor_sin_at_pi_over_4 ... FAILED

    failures:

    failures:
        tests::f64_tensor_sin_at_pi_over_4

    test result: FAILED. 0 passed; 1 failed; 0 ignored; 0 measured; 167 filtered out; finished in 0.02s

  stderr ───

    thread 'tests::f64_tensor_sin_at_pi_over_4' (8308601) panicked at crates/chelis-backend-c/src/lib.rs:263:9:
    could not locate libchelis_runtime.a for backend-c tests
    note: run with `RUST_BACKTRACE=1` environment variable to display a backtrace

────────────
     Summary [   0.132s] 118/392 tests run: 110 passed, 8 failed, 1 skipped
        FAIL [   0.023s] (108/392) chelis-backend-c tests::adv_host_program_compiles_as_shared_library_with_fpic
        FAIL [   0.034s] (111/392) chelis-backend-c tests::adv_numerical_atan_at_1
        FAIL [   0.035s] (112/392) chelis-backend-c tests::adv_numerical_abs_negative_pi
        FAIL [   0.033s] (113/392) chelis-backend-c tests::adv_numerical_cos_at_pi_over_4
        FAIL [   0.034s] (114/392) chelis-backend-c tests::adv_numerical_ceil_negative
        FAIL [   0.035s] (115/392) chelis-backend-c tests::adv_numerical_floor_negative
        FAIL [   0.030s] (117/392) chelis-backend-c tests::f64_tensor_const_and_add_produces_correct_output
        FAIL [   0.029s] (118/392) chelis-backend-c tests::f64_tensor_sin_at_pi_over_4
warning: 274/392 tests were not run due to test failure (run with --no-fail-fast to run all tests, or run with --max-fail)
error: test run failed
gate: command failed with exit 100: cargo nextest run -p chelis-backend-c
