typed_nodes = 21
total_nodes = 23
diagnostics = 2

[0] kind = PrecisionMismatch
    message = precision mismatch: expected i32, got f32
    severity = 0.8
    expected = None
    got = None
    span_offset = None
    span_id = None
    hint = Insert explicit cast
[1] kind = PrecisionMismatch
    message = filter expects a callback that returns bool; precision mismatch: expected i32, got bool
    severity = 0.8
    expected = None
    got = None
    span_offset = None
    span_id = None
    hint = Insert explicit cast
