== annotated deep ==
(module {}
  parity.shapeops
  (defsig {}
    project
    (t-fn {}
      (t-tensor {} (d-lit {} 64) (d-lit {} 32) (t-prim {} f32))
      (t-tensor {} (d-lit {} 32) (d-lit {} 8) (t-prim {} f32))
      (t-tensor {} (d-lit {} 64) (d-lit {} 8) (t-prim {} f32))))
  (def {type: (t-fn {}
                 (t-tensor {} (d-lit {} 64) (d-lit {} 32) (t-prim {} f32))
                 (t-tensor {} (d-lit {} 32) (d-lit {} 8) (t-prim {} f32))
                 (t-tensor {} (d-lit {} 64) (d-lit {} 8) (t-prim {} f32)))
       }
    project
    (fn {type: (t-fn {}
                  (t-tensor {} (d-lit {} 64) (d-lit {} 32) (t-prim {} f32))
                  (t-tensor {} (d-lit {} 32) (d-lit {} 8) (t-prim {} f32))
                  (t-tensor {} (d-lit {} 64) (d-lit {} 8) (t-prim {} f32)))
        }
      (params {}
        (x {type: (t-tensor {} (d-lit {} 64) (d-lit {} 32) (t-prim {} f32))})
        (w {type: (t-tensor {} (d-lit {} 32) (d-lit {} 8) (t-prim {} f32))}))
      (app {span: "surf:106..118",
             type: (t-tensor {} (d-lit {} 64) (d-lit {} 8) (t-prim {} f32))
           }
        (var {span: "surf:106..112"} matmul)
        (var {span: "surf:113..114"} x)
        (var {span: "surf:116..117"} w))))
  (defsig {}
    broadcast_bias
    (t-fn {}
      (t-tensor {} (d-lit {} 1) (t-prim {} f32))
      (t-tensor {} (d-lit {} 64) (t-prim {} f32))))
  (def {type: (t-fn {}
                 (t-tensor {} (d-lit {} 1) (t-prim {} f32))
                 (t-tensor {} (d-lit {} 64) (t-prim {} f32)))
       }
    broadcast_bias
    (fn {type: (t-fn {}
                  (t-tensor {} (d-lit {} 1) (t-prim {} f32))
                  (t-tensor {} (d-lit {} 64) (t-prim {} f32)))
        }
      (params {} (b {type: (t-tensor {} (d-lit {} 1) (t-prim {} f32))}))
      (app {span: "surf:178..194",
             type: (t-tensor {} (d-lit {} 64) (t-prim {} f32))
           }
        (var {span: "surf:178..184"} expand)
        (var {span: "surf:185..186"} b)
        (lit {span: "surf:188..189", type: (t-prim {} int32)} 0)
        (lit {span: "surf:191..193", type: (t-prim {} int32)} 64))))
  (defsig {}
    swap
    (t-fn {}
      (t-tensor {} (d-lit {} 4) (d-lit {} 6) (t-prim {} f32))
      (t-tensor {} (d-lit {} 6) (d-lit {} 4) (t-prim {} f32))))
  (def {type: (t-fn {}
                 (t-tensor {} (d-lit {} 4) (d-lit {} 6) (t-prim {} f32))
                 (t-tensor {} (d-lit {} 6) (d-lit {} 4) (t-prim {} f32)))
       }
    swap
    (fn {type: (t-fn {}
                  (t-tensor {} (d-lit {} 4) (d-lit {} 6) (t-prim {} f32))
                  (t-tensor {} (d-lit {} 6) (d-lit {} 4) (t-prim {} f32)))
        }
      (params {}
        (x {type: (t-tensor {} (d-lit {} 4) (d-lit {} 6) (t-prim {} f32))}))
      (app {span: "surf:249..265",
             type: (t-tensor {} (d-lit {} 6) (d-lit {} 4) (t-prim {} f32))
           }
        (var {span: "surf:249..256"} permute)
        (var {span: "surf:257..258"} x)
        (lit {span: "surf:260..261", type: (t-prim {} int32)} 1)
        (lit {span: "surf:263..264", type: (t-prim {} int32)} 0))))
  (defsig {}
    collapse
    (t-fn {}
      (t-tensor {} (d-lit {} 4) (d-lit {} 6) (t-prim {} f32))
      (t-tensor {} (d-lit {} 24) (t-prim {} f32))))
  (def {type: (t-fn {}
                 (t-tensor {} (d-lit {} 4) (d-lit {} 6) (t-prim {} f32))
                 (t-tensor {} (d-lit {} 24) (t-prim {} f32)))
       }
    collapse
    (fn {type: (t-fn {}
                  (t-tensor {} (d-lit {} 4) (d-lit {} 6) (t-prim {} f32))
                  (t-tensor {} (d-lit {} 24) (t-prim {} f32)))
        }
      (params {}
        (x {type: (t-tensor {} (d-lit {} 4) (d-lit {} 6) (t-prim {} f32))}))
      (app {span: "surf:322..351",
             type: (t-tensor {} (d-lit {} 24) (t-prim {} f32))
           }
        (var {span: "surf:322..329"} reshape)
        (var {span: "surf:330..331"} x)
        (app {span: "surf:333..350", type: (t-adt {} List (t-prim {} int64))}
          (var {} Cons)
          (cast {span: "surf:334..349", type: (t-prim {} int64)}
            (lit {span: "surf:339..341", type: (t-prim {} int64)} 24)
            (t-prim {} int64))
          (var {} Nil)))))
  (defsig {}
    reduce_rows
    (t-fn {}
      (t-tensor {} (d-lit {} 4) (d-lit {} 6) (t-prim {} f32))
      (t-tensor {} (d-lit {} 4) (t-prim {} f32))))
  (def {type: (t-fn {}
                 (t-tensor {} (d-lit {} 4) (d-lit {} 6) (t-prim {} f32))
                 (t-tensor {} (d-lit {} 4) (t-prim {} f32)))
       }
    reduce_rows
    (fn {type: (t-fn {}
                  (t-tensor {} (d-lit {} 4) (d-lit {} 6) (t-prim {} f32))
                  (t-tensor {} (d-lit {} 4) (t-prim {} f32)))
        }
      (params {}
        (x {type: (t-tensor {} (d-lit {} 4) (d-lit {} 6) (t-prim {} f32))}))
      (app {span: "surf:410..420",
             type: (t-tensor {} (d-lit {} 4) (t-prim {} f32))
           }
        (var {span: "surf:410..414"} mean)
        (var {span: "surf:415..416"} x)
        (lit {span: "surf:418..419", type: (t-prim {} int32)} 1)))))

== type env ==
broadcast_bias : (t-fn {} (t-tensor {} (d-lit {} 1) (t-prim {} f32)) (t-tensor {} (d-lit {} 64) (t-prim {} f32)))
collapse : (t-fn {} (t-tensor {} (d-lit {} 4) (d-lit {} 6) (t-prim {} f32)) (t-tensor {} (d-lit {} 24) (t-prim {} f32)))
project : (t-fn {} (t-tensor {} (d-lit {} 64) (d-lit {} 32) (t-prim {} f32)) (t-tensor {} (d-lit {} 32) (d-lit {} 8) (t-prim {} f32)) (t-tensor {} (d-lit {} 64) (d-lit {} 8) (t-prim {} f32)))
reduce_rows : (t-fn {} (t-tensor {} (d-lit {} 4) (d-lit {} 6) (t-prim {} f32)) (t-tensor {} (d-lit {} 4) (t-prim {} f32)))
swap : (t-fn {} (t-tensor {} (d-lit {} 4) (d-lit {} 6) (t-prim {} f32)) (t-tensor {} (d-lit {} 6) (d-lit {} 4) (t-prim {} f32)))

== signature inference ==
binding = broadcast_bias
  name = broadcast_bias
  authored_signature = true
  authored_signature_type = Some(Fn([Tensor([Lit(1)], Concrete(F32))], Tensor([Lit(64)], Concrete(F32))))
  recursive_cycle = false
  checked_signature = Fn([Tensor([Lit(1)], Concrete(F32))], Tensor([Lit(64)], Concrete(F32)))
  display_signature = Fn([Tensor([Lit(1)], Concrete(F32))], Tensor([Lit(64)], Concrete(F32)))
  param[0] name = b; written = true; inferred_read_only = false; checked_type = Tensor([Lit(1)], Concrete(F32)); display_type = Tensor([Lit(1)], Concrete(F32))
binding = collapse
  name = collapse
  authored_signature = true
  authored_signature_type = Some(Fn([Tensor([Lit(4), Lit(6)], Concrete(F32))], Tensor([Lit(24)], Concrete(F32))))
  recursive_cycle = false
  checked_signature = Fn([Tensor([Lit(4), Lit(6)], Concrete(F32))], Tensor([Lit(24)], Concrete(F32)))
  display_signature = Fn([Tensor([Lit(4), Lit(6)], Concrete(F32))], Tensor([Lit(24)], Concrete(F32)))
  param[0] name = x; written = true; inferred_read_only = false; checked_type = Tensor([Lit(4), Lit(6)], Concrete(F32)); display_type = Tensor([Lit(4), Lit(6)], Concrete(F32))
binding = project
  name = project
  authored_signature = true
  authored_signature_type = Some(Fn([Tensor([Lit(64), Lit(32)], Concrete(F32)), Tensor([Lit(32), Lit(8)], Concrete(F32))], Tensor([Lit(64), Lit(8)], Concrete(F32))))
  recursive_cycle = false
  checked_signature = Fn([Tensor([Lit(64), Lit(32)], Concrete(F32)), Tensor([Lit(32), Lit(8)], Concrete(F32))], Tensor([Lit(64), Lit(8)], Concrete(F32)))
  display_signature = Fn([Tensor([Lit(64), Lit(32)], Concrete(F32)), Tensor([Lit(32), Lit(8)], Concrete(F32))], Tensor([Lit(64), Lit(8)], Concrete(F32)))
  param[0] name = x; written = true; inferred_read_only = false; checked_type = Tensor([Lit(64), Lit(32)], Concrete(F32)); display_type = Tensor([Lit(64), Lit(32)], Concrete(F32))
  param[1] name = w; written = true; inferred_read_only = false; checked_type = Tensor([Lit(32), Lit(8)], Concrete(F32)); display_type = Tensor([Lit(32), Lit(8)], Concrete(F32))
binding = reduce_rows
  name = reduce_rows
  authored_signature = true
  authored_signature_type = Some(Fn([Tensor([Lit(4), Lit(6)], Concrete(F32))], Tensor([Lit(4)], Concrete(F32))))
  recursive_cycle = false
  checked_signature = Fn([Tensor([Lit(4), Lit(6)], Concrete(F32))], Tensor([Lit(4)], Concrete(F32)))
  display_signature = Fn([Tensor([Lit(4), Lit(6)], Concrete(F32))], Tensor([Lit(4)], Concrete(F32)))
  param[0] name = x; written = true; inferred_read_only = false; checked_type = Tensor([Lit(4), Lit(6)], Concrete(F32)); display_type = Tensor([Lit(4), Lit(6)], Concrete(F32))
binding = swap
  name = swap
  authored_signature = true
  authored_signature_type = Some(Fn([Tensor([Lit(4), Lit(6)], Concrete(F32))], Tensor([Lit(6), Lit(4)], Concrete(F32))))
  recursive_cycle = false
  checked_signature = Fn([Tensor([Lit(4), Lit(6)], Concrete(F32))], Tensor([Lit(6), Lit(4)], Concrete(F32)))
  display_signature = Fn([Tensor([Lit(4), Lit(6)], Concrete(F32))], Tensor([Lit(6), Lit(4)], Concrete(F32)))
  param[0] name = x; written = true; inferred_read_only = false; checked_type = Tensor([Lit(4), Lit(6)], Concrete(F32)); display_type = Tensor([Lit(4), Lit(6)], Concrete(F32))

== infer stats ==
typed_nodes = 26
total_nodes = 26
