typed_nodes = 12
total_nodes = 15
diagnostics = 4

[0] kind = UnknownConstructor
    message = unknown constructor: Triangle
    severity = 0.6
    expected = None
    got = None
    span_offset = None
    span_id = None
    hint = Constructor 'Triangle' is not in scope. Declare it locally or add it to an import (e.g. `import Mod (Triangle)`)
[1] kind = UnboundVariable
    message = unbound variable: b
    severity = 0.6
    expected = None
    got = None
    span_offset = Some(175)
    span_id = Some("surf:175..176")
    hint = Check spelling of 'b'
[2] kind = UnboundVariable
    message = unbound variable: h
    severity = 0.6
    expected = None
    got = None
    span_offset = Some(178)
    span_id = Some("surf:178..179")
    hint = Check spelling of 'h'
[3] kind = PrecisionMismatch
    message = precision mismatch: expected f32, got int32
    severity = 0.8
    expected = None
    got = None
    span_offset = None
    span_id = None
    hint = Insert explicit cast
