== annotated deep ==
(module {surf_path: "Parity.GenericCalls"}
  parity.genericcalls
  (defsig {}
    apply_twice
    (t-fn {}
      (t-fn {} (t-prim {} i32) (t-prim {} i32))
      (t-prim {} i32)
      (t-prim {} i32)))
  (def {type: (t-fn {}
                 (t-fn {} (t-prim {} i32) (t-prim {} i32))
                 (t-prim {} i32)
                 (t-prim {} i32))
       }
    apply_twice
    (fn {type: (t-fn {}
                  (t-fn {} (t-prim {} i32) (t-prim {} i32))
                  (t-prim {} i32)
                  (t-prim {} i32))
        }
      (params {}
        (f {type: (t-fn {} (t-prim {} i32) (t-prim {} i32))})
        (x {type: (t-prim {} i32)}))
      (app {span: "surf:77..84", type: (t-prim {} i32)}
        (var {span: "surf:77..78"} f)
        (app {span: "surf:79..83", type: (t-prim {} i32)}
          (var {span: "surf:79..80"} f)
          (var {span: "surf:81..82"} x)))))
  (defsig {} bump (t-fn {} (t-prim {} i32) (t-prim {} i32)))
  (def {type: (t-fn {} (t-prim {} i32) (t-prim {} i32))}
    bump
    (fn {type: (t-fn {} (t-prim {} i32) (t-prim {} i32))}
      (params {} (n {type: (t-prim {} i32)}))
      (app {span: "surf:111..120", type: (t-prim {} i32)}
        (var {span: "surf:111..114"} add)
        (var {span: "surf:115..116"} n)
        (lit {span: "surf:118..119", type: (t-prim {} i32)} 1))))
  (defsig {} run (t-fn {} (t-prim {} i32)))
  (def {type: (t-fn {} (t-prim {} i32))}
    run
    (fn {type: (t-fn {} (t-prim {} i32))}
      (params {})
      (app {span: "surf:140..160", type: (t-prim {} i32)}
        (var {span: "surf:140..151"} apply_twice)
        (var {span: "surf:152..156"} bump)
        (lit {span: "surf:158..159", type: (t-prim {} i32)} 3))))
  (defsig {}
    identity_pair
    (t-fn {}
      (t-prim {} i32)
      (t-prim {} f32)
      (t-tuple {} (t-prim {} i32) (t-prim {} f32))))
  (def {type: (t-fn {}
                 (t-prim {} i32)
                 (t-prim {} f32)
                 (t-tuple {} (t-prim {} i32) (t-prim {} f32)))
       }
    identity_pair
    (fn {type: (t-fn {}
                  (t-prim {} i32)
                  (t-prim {} f32)
                  (t-tuple {} (t-prim {} i32) (t-prim {} f32)))
        }
      (params {} (a {type: (t-prim {} i32)}) (b {type: (t-prim {} f32)}))
      (tuple {span: "surf:211..217"}
        (var {span: "surf:212..213"} a)
        (var {span: "surf:215..216"} b))))
  (defsig {} use_pair (t-fn {} (t-prim {} i32)))
  (def {type: (t-fn {} (t-prim {} i32))}
    use_pair
    (fn {type: (t-fn {} (t-prim {} i32))}
      (params {})
      (tuple-get {span: "surf:242..265"}
        (app {span: "surf:242..263",
               type: (t-tuple {} (t-prim {} i32) (t-prim {} f32))
             }
          (var {span: "surf:242..255"} identity_pair)
          (lit {span: "surf:256..257", type: (t-prim {} i32)} 1)
          (lit {span: "surf:259..262", type: (t-prim {} f32)} 2.0))
        (lit {type: (t-prim {} i32)} 0)))))

== type env ==
apply_twice : (t-fn {} (t-fn {} (t-prim {} i32) (t-prim {} i32)) (t-prim {} i32) (t-prim {} i32))
bump : (t-fn {} (t-prim {} i32) (t-prim {} i32))
identity_pair : (t-fn {} (t-prim {} i32) (t-prim {} f32) (t-tuple {} (t-prim {} i32) (t-prim {} f32)))
run : (t-fn {} (t-prim {} i32))
use_pair : (t-fn {} (t-prim {} i32))

== signature inference ==
binding = apply_twice
  name = apply_twice
  authored_signature = true
  authored_signature_type = Some(Fn([Fn([Prim(Int32)], Prim(Int32)), Prim(Int32)], Prim(Int32)))
  recursive_cycle = false
  checked_signature = Fn([Fn([Prim(Int32)], Prim(Int32)), Prim(Int32)], Prim(Int32))
  display_signature = Fn([Fn([Prim(Int32)], Prim(Int32)), Prim(Int32)], Prim(Int32))
  param[0] name = f; written = true; inferred_read_only = false; checked_type = Fn([Prim(Int32)], Prim(Int32)); display_type = Fn([Prim(Int32)], Prim(Int32))
  param[1] name = x; written = true; inferred_read_only = false; checked_type = Prim(Int32); display_type = Prim(Int32)
binding = bump
  name = bump
  authored_signature = true
  authored_signature_type = Some(Fn([Prim(Int32)], Prim(Int32)))
  recursive_cycle = false
  checked_signature = Fn([Prim(Int32)], Prim(Int32))
  display_signature = Fn([Prim(Int32)], Prim(Int32))
  param[0] name = n; written = true; inferred_read_only = false; checked_type = Prim(Int32); display_type = Prim(Int32)
binding = identity_pair
  name = identity_pair
  authored_signature = true
  authored_signature_type = Some(Fn([Prim(Int32), Prim(F32)], Tuple([Prim(Int32), Prim(F32)])))
  recursive_cycle = false
  checked_signature = Fn([Prim(Int32), Prim(F32)], Tuple([Prim(Int32), Prim(F32)]))
  display_signature = Fn([Prim(Int32), Prim(F32)], Tuple([Prim(Int32), Prim(F32)]))
  param[0] name = a; written = true; inferred_read_only = false; checked_type = Prim(Int32); display_type = Prim(Int32)
  param[1] name = b; written = true; inferred_read_only = false; checked_type = Prim(F32); display_type = Prim(F32)
binding = run
  name = run
  authored_signature = true
  authored_signature_type = Some(Fn([], Prim(Int32)))
  recursive_cycle = false
  checked_signature = Fn([], Prim(Int32))
  display_signature = Fn([], Prim(Int32))
binding = use_pair
  name = use_pair
  authored_signature = true
  authored_signature_type = Some(Fn([], Prim(Int32)))
  recursive_cycle = false
  checked_signature = Fn([], Prim(Int32))
  display_signature = Fn([], Prim(Int32))

== infer stats ==
typed_nodes = 22
total_nodes = 22
