== annotated deep ==
(module {surf_path: "Parity.Collections"}
  parity.collections
  (defsig {} values (t-adt {} List (t-prim {} i32)))
  (def {type: (t-adt {} List (t-prim {} i32))}
    values
    (app {span: "surf:46..58", type: (t-adt {} List (t-prim {} i32))}
      (var {} Cons)
      (lit {span: "surf:47..48", type: (t-prim {} i32)} 1)
      (app {type: (t-adt {} List (t-prim {} i32))}
        (var {} Cons)
        (lit {span: "surf:50..51", type: (t-prim {} i32)} 2)
        (app {type: (t-adt {} List (t-prim {} i32))}
          (var {} Cons)
          (lit {span: "surf:53..54", type: (t-prim {} i32)} 3)
          (app {type: (t-adt {} List (t-prim {} i32))}
            (var {} Cons)
            (lit {span: "surf:56..57", type: (t-prim {} i32)} 4)
            (var {} Nil))))))
  (def {type: (t-adt {} List (t-prim {} i32))}
    doubled
    (app {span: "surf:69..106", type: (t-adt {} List (t-prim {} i32))}
      (var {span: "surf:69..72"} map)
      (fn {span: "surf:73..97", type: (t-fn {} (t-prim {} i32) (t-prim {} i32))}
        (params {} (v {type: (t-prim {} i32)}))
        (app {span: "surf:88..97", type: (t-prim {} i32)}
          (var {span: "surf:88..91"} mul)
          (var {span: "surf:92..93"} v)
          (lit {span: "surf:95..96", type: (t-prim {} i32)} 2)))
      (var {span: "surf:99..105"} values)))
  (def {type: (t-adt {} List (t-prim {} i32))}
    kept
    (app {span: "surf:114..153", type: (t-adt {} List (t-prim {} i32))}
      (var {span: "surf:114..120"} filter)
      (fn {span: "surf:121..144",
            type: (t-fn {} (t-prim {} i32) (t-prim {} bool))
          }
        (params {} (v {type: (t-prim {} i32)}))
        (app {span: "surf:136..144", type: (t-prim {} bool)}
          (var {span: "surf:136..138"} gt)
          (var {span: "surf:139..140"} v)
          (lit {span: "surf:142..143", type: (t-prim {} i32)} 2)))
      (var {span: "surf:146..152"} values)))
  (def {type: (t-prim {} i32)}
    total
    (app {span: "surf:162..215", type: (t-prim {} i32)}
      (var {span: "surf:162..166"} fold)
      (fn {span: "surf:167..203",
            type: (t-fn {} (t-prim {} i32) (t-prim {} i32) (t-prim {} i32))
          }
        (params {} (acc {type: (t-prim {} i32)}) (v {type: (t-prim {} i32)}))
        (app {span: "surf:192..203", type: (t-prim {} i32)}
          (var {span: "surf:192..195"} add)
          (var {span: "surf:196..199"} acc)
          (var {span: "surf:201..202"} v)))
      (lit {span: "surf:205..206", type: (t-prim {} i32)} 0)
      (var {span: "surf:208..214"} values)))
  (def {type: (t-prim {} i64)}
    item_total
    (app {span: "surf:229..240", type: (t-prim {} i64)}
      (var {span: "surf:229..232"} len)
      (var {span: "surf:233..239"} values)))
  (def {type: (t-adt {} List (t-prim {} i32))}
    first_two
    (app {span: "surf:253..279", type: (t-adt {} List (t-prim {} i32))}
      (var {span: "surf:253..257"} take)
      (var {span: "surf:258..264"} values)
      (cast {span: "surf:266..278", type: (t-prim {} i64)}
        (lit {span: "surf:271..272", surf_literal_style: "unsuffixed", type: (t-prim {} i64)} 2)
        (t-prim {} i64))))
  (def {type: (t-adt {} List (t-tuple {} (t-prim {} i32) (t-prim {} i32)))}
    paired
    (app {span: "surf:289..308",
           type: (t-adt {} List (t-tuple {} (t-prim {} i32) (t-prim {} i32)))
         }
      (var {span: "surf:289..292"} zip)
      (var {span: "surf:293..299"} values)
      (var {span: "surf:301..307"} values))))

== type env ==
doubled : (t-adt {} List (t-prim {} i32))
first_two : (t-adt {} List (t-prim {} i32))
item_total : (t-prim {} i64)
kept : (t-adt {} List (t-prim {} i32))
paired : (t-adt {} List (t-tuple {} (t-prim {} i32) (t-prim {} i32)))
total : (t-prim {} i32)
values : (t-adt {} List (t-prim {} i32))

== signature inference ==

== infer stats ==
typed_nodes = 50
total_nodes = 50
