== annotated deep ==
(module {}
  parity.genericcalls
  (defsig {}
    apply_twice
    (t-fn {}
      (t-fn {} (t-prim {} int32) (t-prim {} int32))
      (t-prim {} int32)
      (t-prim {} int32)))
  (def {type: (t-fn {}
                 (t-fn {} (t-prim {} int32) (t-prim {} int32))
                 (t-prim {} int32)
                 (t-prim {} int32))
       }
    apply_twice
    (fn {type: (t-fn {}
                  (t-fn {} (t-prim {} int32) (t-prim {} int32))
                  (t-prim {} int32)
                  (t-prim {} int32))
        }
      (params {}
        (f {type: (t-fn {} (t-prim {} int32) (t-prim {} int32))})
        (x {type: (t-prim {} int32)}))
      (app {span: "surf:85..92", type: (t-prim {} int32)}
        (var {span: "surf:85..86"} f)
        (app {span: "surf:87..91", type: (t-prim {} int32)}
          (var {span: "surf:87..88"} f)
          (var {span: "surf:89..90"} x)))))
  (defsig {} bump (t-fn {} (t-prim {} int32) (t-prim {} int32)))
  (def {type: (t-fn {} (t-prim {} int32) (t-prim {} int32))}
    bump
    (fn {type: (t-fn {} (t-prim {} int32) (t-prim {} int32))}
      (params {} (n {type: (t-prim {} int32)}))
      (app {span: "surf:123..132", type: (t-prim {} int32)}
        (var {span: "surf:123..126"} add)
        (var {span: "surf:127..128"} n)
        (lit {span: "surf:130..131", type: (t-prim {} int32)} 1))))
  (defsig {} run (t-fn {} (t-prim {} int32)))
  (def {type: (t-fn {} (t-prim {} int32))}
    run
    (fn {type: (t-fn {} (t-prim {} int32))}
      (params {})
      (app {span: "surf:154..174", type: (t-prim {} int32)}
        (var {span: "surf:154..165"} apply_twice)
        (var {span: "surf:166..170"} bump)
        (lit {span: "surf:172..173", type: (t-prim {} int32)} 3))))
  (defsig {}
    identity_pair
    (t-fn {}
      (t-prim {} int32)
      (t-prim {} f32)
      (t-tuple {} (t-prim {} int32) (t-prim {} f32))))
  (def {type: (t-fn {}
                 (t-prim {} int32)
                 (t-prim {} f32)
                 (t-tuple {} (t-prim {} int32) (t-prim {} f32)))
       }
    identity_pair
    (fn {type: (t-fn {}
                  (t-prim {} int32)
                  (t-prim {} f32)
                  (t-tuple {} (t-prim {} int32) (t-prim {} f32)))
        }
      (params {} (a {type: (t-prim {} int32)}) (b {type: (t-prim {} f32)}))
      (tuple {span: "surf:229..235"}
        (var {span: "surf:230..231"} a)
        (var {span: "surf:233..234"} b))))
  (defsig {} use_pair (t-fn {} (t-prim {} int32)))
  (def {type: (t-fn {} (t-prim {} int32))}
    use_pair
    (fn {type: (t-fn {} (t-prim {} int32))}
      (params {})
      (tuple-get {span: "surf:262..285"}
        (app {span: "surf:262..283",
               type: (t-tuple {} (t-prim {} int32) (t-prim {} f32))
             }
          (var {span: "surf:262..275"} identity_pair)
          (lit {span: "surf:276..277", type: (t-prim {} int32)} 1)
          (lit {span: "surf:279..282", type: (t-prim {} f32)} 2.0))
        (lit {type: (t-prim {} int32)} 0)))))

== type env ==
apply_twice : (t-fn {} (t-fn {} (t-prim {} int32) (t-prim {} int32)) (t-prim {} int32) (t-prim {} int32))
bump : (t-fn {} (t-prim {} int32) (t-prim {} int32))
identity_pair : (t-fn {} (t-prim {} int32) (t-prim {} f32) (t-tuple {} (t-prim {} int32) (t-prim {} f32)))
run : (t-fn {} (t-prim {} int32))
use_pair : (t-fn {} (t-prim {} int32))

== signature inference ==
binding = apply_twice
  name = apply_twice
  authored_signature = true
  authored_signature_type = Some(Fn([Fn([Prim(Int32)], Prim(Int32)), Prim(Int32)], Prim(Int32)))
  recursive_cycle = false
  checked_signature = Fn([Fn([Prim(Int32)], Prim(Int32)), Prim(Int32)], Prim(Int32))
  display_signature = Fn([Fn([Prim(Int32)], Prim(Int32)), Prim(Int32)], Prim(Int32))
  param[0] name = f; written = true; inferred_read_only = false; checked_type = Fn([Prim(Int32)], Prim(Int32)); display_type = Fn([Prim(Int32)], Prim(Int32))
  param[1] name = x; written = true; inferred_read_only = false; checked_type = Prim(Int32); display_type = Prim(Int32)
binding = bump
  name = bump
  authored_signature = true
  authored_signature_type = Some(Fn([Prim(Int32)], Prim(Int32)))
  recursive_cycle = false
  checked_signature = Fn([Prim(Int32)], Prim(Int32))
  display_signature = Fn([Prim(Int32)], Prim(Int32))
  param[0] name = n; written = true; inferred_read_only = false; checked_type = Prim(Int32); display_type = Prim(Int32)
binding = identity_pair
  name = identity_pair
  authored_signature = true
  authored_signature_type = Some(Fn([Prim(Int32), Prim(F32)], Tuple([Prim(Int32), Prim(F32)])))
  recursive_cycle = false
  checked_signature = Fn([Prim(Int32), Prim(F32)], Tuple([Prim(Int32), Prim(F32)]))
  display_signature = Fn([Prim(Int32), Prim(F32)], Tuple([Prim(Int32), Prim(F32)]))
  param[0] name = a; written = true; inferred_read_only = false; checked_type = Prim(Int32); display_type = Prim(Int32)
  param[1] name = b; written = true; inferred_read_only = false; checked_type = Prim(F32); display_type = Prim(F32)
binding = run
  name = run
  authored_signature = true
  authored_signature_type = Some(Fn([], Prim(Int32)))
  recursive_cycle = false
  checked_signature = Fn([], Prim(Int32))
  display_signature = Fn([], Prim(Int32))
binding = use_pair
  name = use_pair
  authored_signature = true
  authored_signature_type = Some(Fn([], Prim(Int32)))
  recursive_cycle = false
  checked_signature = Fn([], Prim(Int32))
  display_signature = Fn([], Prim(Int32))

== infer stats ==
typed_nodes = 21
total_nodes = 21
