== annotated deep ==
(module {surf_path: "Parity.Patterns"}
  parity.patterns
  (deftype {}
    Shape
    ()
    (variant {} Circle (t-prim {} f32))
    (variant {} Rect (t-prim {} f32) (t-prim {} f32)))
  (defsig {} area (t-fn {} (t-adt {} Shape) (t-prim {} f32)))
  (def {type: (t-fn {} (t-adt {} Shape) (t-prim {} f32))}
    area
    (fn {type: (t-fn {} (t-adt {} Shape) (t-prim {} f32))}
      (params {} (s {type: (t-adt {} Shape)}))
      (match {span: "surf:99..181", type: (t-prim {} f32)}
        (var {span: "surf:105..106"} s)
        (arm {}
          (pat-ctor {} Circle (pat-var {type: (t-prim {} f32)} r))
          ()
          (app {span: "surf:131..151", type: (t-prim {} f32)}
            (var {span: "surf:131..134"} mul)
            (lit {span: "surf:135..139", type: (t-prim {} f32)} 3.14)
            (app {span: "surf:141..150", type: (t-prim {} f32)}
              (var {span: "surf:141..144"} mul)
              (var {span: "surf:145..146"} r)
              (var {span: "surf:148..149"} r))))
        (arm {}
          (pat-ctor {}
            Rect
            (pat-var {type: (t-prim {} f32)} w)
            (pat-var {type: (t-prim {} f32)} h))
          ()
          (app {span: "surf:170..179", type: (t-prim {} f32)}
            (var {span: "surf:170..173"} mul)
            (var {span: "surf:174..175"} w)
            (var {span: "surf:177..178"} h))))))
  (defsig {}
    first_or
    (t-fn {} (t-adt {} List (t-prim {} i32)) (t-prim {} i32) (t-prim {} i32)))
  (def {type: (t-fn {}
                 (t-adt {} List (t-prim {} i32))
                 (t-prim {} i32)
                 (t-prim {} i32))
       }
    first_or
    (fn {type: (t-fn {}
                  (t-adt {} List (t-prim {} i32))
                  (t-prim {} i32)
                  (t-prim {} i32))
        }
      (params {}
        (xs {type: (t-adt {} List (t-prim {} i32))})
        (fallback {type: (t-prim {} i32)}))
      (match {span: "surf:234..300", type: (t-prim {} i32)}
        (var {span: "surf:240..242"} xs)
        (arm {}
          (pat-ctor {}
            Cons
            (pat-var {type: (t-prim {} i32)} head)
            (pat-var {type: (t-adt {} List (t-prim {} i32))} tail))
          ()
          (var {span: "surf:274..278"} head))
        (arm {} (pat-ctor {} Nil) () (var {span: "surf:290..298"} fallback))))))

== type env ==
area : (t-fn {} (t-adt {} Shape) (t-prim {} f32))
first_or : (t-fn {} (t-adt {} List (t-prim {} i32)) (t-prim {} i32) (t-prim {} i32))

== signature inference ==
binding = area
  name = area
  authored_signature = true
  authored_signature_type = Some(Fn([Adt("Shape", [])], Prim(F32)))
  recursive_cycle = false
  checked_signature = Fn([Adt("Shape", [])], Prim(F32))
  display_signature = Fn([Adt("Shape", [])], Prim(F32))
  param[0] name = s; written = true; inferred_read_only = false; checked_type = Adt("Shape", []); display_type = Adt("Shape", [])
binding = first_or
  name = first_or
  authored_signature = true
  authored_signature_type = Some(Fn([Adt("List", [Prim(Int32)]), Prim(Int32)], Prim(Int32)))
  recursive_cycle = false
  checked_signature = Fn([Adt("List", [Prim(Int32)]), Prim(Int32)], Prim(Int32))
  display_signature = Fn([Adt("List", [Prim(Int32)]), Prim(Int32)], Prim(Int32))
  param[0] name = xs; written = true; inferred_read_only = false; checked_type = Adt("List", [Prim(Int32)]); display_type = Adt("List", [Prim(Int32)])
  param[1] name = fallback; written = true; inferred_read_only = false; checked_type = Prim(Int32); display_type = Prim(Int32)

== infer stats ==
typed_nodes = 17
total_nodes = 17
