typed_nodes = 4
total_nodes = 5
diagnostics = 2

[0] kind = TypeMismatch
    message = unknown record field 'z' on Point
    severity = 0.5
    expected = None
    got = None
    span_offset = None
    span_id = None
    hint = known fields: ["x", "y"]
[1] kind = PrecisionMismatch
    message = precision mismatch: expected i32, got f32
    severity = 0.8
    expected = None
    got = None
    span_offset = None
    span_id = None
    hint = Insert explicit cast
